ARM Linker, 4.1 [Build 894] [Evaluation]

==============================================================================

Section Cross References

    startup_lpc11xx.o(STACK) refers (Special) to heapauxi.o(.text) for __use_two_region_memory
    startup_lpc11xx.o(HEAP) refers (Special) to heapauxi.o(.text) for __use_two_region_memory
    startup_lpc11xx.o(RESET) refers (Special) to heapauxi.o(.text) for __use_two_region_memory
    startup_lpc11xx.o(RESET) refers to startup_lpc11xx.o(STACK) for __initial_sp
    startup_lpc11xx.o(RESET) refers to startup_lpc11xx.o(.text) for Reset_Handler
    startup_lpc11xx.o(RESET) refers to ssp.o(.text) for SSP1_IRQHandler
    startup_lpc11xx.o(RESET) refers to i2c.o(.text) for I2C_IRQHandler
    startup_lpc11xx.o(RESET) refers to uart.o(.text) for UART_IRQHandler
    startup_lpc11xx.o(.ARM.__at_0x02FC) refers (Special) to heapauxi.o(.text) for __use_two_region_memory
    startup_lpc11xx.o(.text) refers (Special) to heapauxi.o(.text) for __use_two_region_memory
    startup_lpc11xx.o(.text) refers to system_lpc11xx.o(.text) for SystemInit
    startup_lpc11xx.o(.text) refers to __main.o(!!!main) for __main
    startup_lpc11xx.o(.text) refers to startup_lpc11xx.o(HEAP) for Heap_Mem
    startup_lpc11xx.o(.text) refers to startup_lpc11xx.o(STACK) for Stack_Mem
    system_lpc11xx.o(.text) refers to system_lpc11xx.o(i.__ARM_common_switch8) for __ARM_common_switch8
    system_lpc11xx.o(.text) refers to aeabi_sdiv.o(.text) for __aeabi_uidivmod
    system_lpc11xx.o(.text) refers to system_lpc11xx.o(.data) for SystemCoreClock
    cpu_lpc1000.o(.text) refers to aeabi_sdiv.o(.text) for __aeabi_uidivmod
    cpu_lpc1000.o(.text) refers to system_lpc11xx.o(.data) for SystemCoreClock
    cpu_lpc1000.o(.text) refers to cpu_lpc1000.o(.data) for usTicks
    retarget.o(.text) refers (Special) to use_no_semi.o(.text) for __use_no_semihosting_swi
    retarget.o(.text) refers to uart.o(.text) for sendchar
    retarget.o(.data) refers (Special) to use_no_semi.o(.text) for __use_no_semihosting_swi
    main.o(.text) refers to _printf_percent.o(.ARM.Collect$$_printf_percent$$00000000) for _printf_percent
    main.o(.text) refers to _printf_d.o(.ARM.Collect$$_printf_percent$$00000009) for _printf_d
    main.o(.text) refers to _printf_dec.o(.text) for _printf_int_dec
    main.o(.text) refers to _printf_f.o(.ARM.Collect$$_printf_percent$$00000003) for _printf_f
    main.o(.text) refers to printf1.o(x$fpl$printf1) for _printf_fp_dec
    main.o(.text) refers to timer32.o(.text) for delay32Ms
    main.o(.text) refers to nrf24l01.o(.text) for NRF24L01_Get_Status
    main.o(.text) refers to uart.o(.text) for UARTInit
    main.o(.text) refers to noretval__2printf.o(.text) for __2printf
    main.o(.text) refers to ssp.o(.text) for SSP_IOConfig
    main.o(.text) refers to i2c.o(.text) for I2CInit
    main.o(.text) refers to mpu6050.o(.text) for MPU6050_init
    main.o(.text) refers to kalman.o(.text) for kalman_init
    main.o(.text) refers to f2d.o(.text) for __aeabi_f2d
    main.o(.text) refers to atan2.o(i.atan2) for atan2
    main.o(.text) refers to dmul.o(.text) for __aeabi_dmul
    main.o(.text) refers to ddiv.o(.text) for __aeabi_ddiv
    main.o(.text) refers to d2f.o(.text) for __aeabi_d2f
    main.o(.text) refers to fflti.o(.text) for __aeabi_ui2f
    main.o(.text) refers to fdiv.o(.text) for __aeabi_fdiv
    main.o(.text) refers to strncmp.o(.text) for strncmp
    main.o(.text) refers to ffixi.o(.text) for __aeabi_f2iz
    main.o(.text) refers to noretval__2snprintf.o(.text) for __2snprintf
    main.o(.text) refers to main.o(.bss) for Buf
    i2c.o(.text) refers to system_lpc11xx.o(i.__ARM_common_switch8) for __ARM_common_switch8
    i2c.o(.text) refers to i2c.o(.data) for timeout
    i2c.o(.text) refers to i2c.o(.bss) for I2CMasterBuffer
    ssp.o(.text) refers to ssp.o(.data) for interruptOverRunStat0
    timer32.o(.text) refers to timer32.o(.data) for timer32_1_period
    uart.o(.text) refers to uart.o(.data) for UARTStatus
    uart.o(.text) refers to uart.o(.bss) for UARTBuffer
    ax12.o(.text) refers to timer32.o(.text) for delay32Us
    ax12.o(.text) refers to uart.o(.text) for UARTAvailable
    ax12.o(.text) refers to aeabi_sdiv.o(.text) for __aeabi_idivmod
    ax12.o(.text) refers to ax12.o(.data) for Time_Counter
    kalman.o(.text) refers to faddsub.o(x$fpl$fsub) for __aeabi_fsub
    kalman.o(.text) refers to fmul.o(x$fpl$fmul) for __aeabi_fmul
    kalman.o(.text) refers to faddsub.o(x$fpl$fadd) for __aeabi_fadd
    kalman.o(.text) refers to faddsub.o(x$fpl$frsb) for __aeabi_frsub
    kalman.o(.text) refers to fdiv.o(.text) for __aeabi_fdiv
    kalman.o(.text) refers to kalman.o(.data) for Q_angle
    kalman.o(.text) refers to kalman.o(.bss) for P
    mpu6050.o(.text) refers to i2c.o(.text) for I2CEngine
    mpu6050.o(.text) refers to aeabi_sdiv.o(.text) for __aeabi_idivmod
    mpu6050.o(.text) refers to dflti.o(.text) for __aeabi_i2d
[...]
    lc_numeric_c.o(locale$$code) refers (Special) to libinit2.o(.ARM.Collect$$libinit$$00000012) for __rt_lib_init_lc_numeric_2
    lc_numeric_c.o(locale$$code) refers to strcmp.o(.text) for strcmp
    lc_numeric_c.o(locale$$code) refers to lc_numeric_c.o(locale$$data) for __lcnum_c_name
    dscalbn.o(.text) refers (Special) to usenofp.o(x$fpl$usenofp) for __I$use$fp
    ieee_status.o(.text) refers (Special) to usenofp.o(x$fpl$usenofp) for __I$use$fp
    dunder.o(i.__mathlib_dbl_underflow) refers to dscalbn.o(.text) for __ARM_scalbn
    fpclassify.o(i.__ARM_fpclassify) refers (Special) to usenofp.o(x$fpl$usenofp) for __I$use$fp
    poly.o(i.__kernel_poly) refers (Special) to usenofp.o(x$fpl$usenofp) for __I$use$fp
    poly.o(i.__kernel_poly) refers to dmul.o(.text) for __aeabi_dmul
    poly.o(i.__kernel_poly) refers to daddsub.o(.text) for __aeabi_dadd
    libspace.o(.text) refers to libspace.o(.bss) for __libspace_start
    sys_stackheap_outer.o(.text) refers to libspace.o(.text) for __user_perproc_libspace
    sys_stackheap_outer.o(.text) refers to startup_lpc11xx.o(.text) for __user_initial_stackheap
    sys_stackheap_outer.o(__vectab_stack_and_reset_area) refers to tempstk.o(.text) for __temporary_stack_top
    sys_stackheap_outer.o(__vectab_stack_and_reset_area) refers to __main.o(!!!main) for __main
    exit.o(.text) refers to rtexit.o(.ARM.Collect$$rtexit$$00000000) for __rt_exit
    defsig_fpe_outer.o(.text) refers to defsig_fpe_inner.o(.text) for __rt_SIGFPE_inner
    defsig_fpe_outer.o(.text) refers to defsig_exit.o(.text) for __sig_exit
    defsig_fpe_formal.o(.text) refers to rt_raise.o(.text) for __rt_raise
    libinit.o(.ARM.Collect$$libinit$$00000000) refers (Special) to libinit2.o(.ARM.Collect$$libinit$$0000002A) for __rt_lib_init_alloca_1
    libinit.o(.ARM.Collect$$libinit$$00000000) refers (Special) to libinit2.o(.ARM.Collect$$libinit$$00000028) for __rt_lib_init_argv_1
    libinit.o(.ARM.Collect$$libinit$$00000000) refers (Special) to libinit2.o(.ARM.Collect$$libinit$$00000017) for __rt_lib_init_atexit_1
    libinit.o(.ARM.Collect$$libinit$$00000000) refers (Special) to libinit2.o(.ARM.Collect$$libinit$$0000001D) for __rt_lib_init_clock_1
    libinit.o(.ARM.Collect$$libinit$$00000000) refers (Special) to libinit2.o(.ARM.Collect$$libinit$$0000002E) for __rt_lib_init_cpp_1
    libinit.o(.ARM.Collect$$libinit$$00000000) refers (Special) to libinit2.o(.ARM.Collect$$libinit$$0000002C) for __rt_lib_init_exceptions_1
    libinit.o(.ARM.Collect$$libinit$$00000000) refers (Special) to libinit2.o(.ARM.Collect$$libinit$$0000001B) for __rt_lib_init_fp_trap_1
    libinit.o(.ARM.Collect$$libinit$$00000000) refers (Special) to libinit2.o(.ARM.Collect$$libinit$$0000001F) for __rt_lib_init_getenv_1
    libinit.o(.ARM.Collect$$libinit$$00000000) refers (Special) to libinit2.o(.ARM.Collect$$libinit$$00000006) for __rt_lib_init_heap_1
    libinit.o(.ARM.Collect$$libinit$$00000000) refers (Special) to libinit2.o(.ARM.Collect$$libinit$$0000000D) for __rt_lib_init_lc_collate_1
    libinit.o(.ARM.Collect$$libinit$$00000000) refers (Special) to libinit2.o(.ARM.Collect$$libinit$$0000000F) for __rt_lib_init_lc_ctype_1
    libinit.o(.ARM.Collect$$libinit$$00000000) refers (Special) to libinit2.o(.ARM.Collect$$libinit$$00000011) for __rt_lib_init_lc_monetary_1
    libinit.o(.ARM.Collect$$libinit$$00000000) refers (Special) to libinit2.o(.ARM.Collect$$libinit$$00000013) for __rt_lib_init_lc_numeric_1
    libinit.o(.ARM.Collect$$libinit$$00000000) refers (Special) to libinit2.o(.ARM.Collect$$libinit$$00000015) for __rt_lib_init_lc_time_1
    libinit.o(.ARM.Collect$$libinit$$00000000) refers (Special) to libinit2.o(.ARM.Collect$$libinit$$0000000A) for __rt_lib_init_rand_1
    libinit.o(.ARM.Collect$$libinit$$00000000) refers (Special) to libinit2.o(.ARM.Collect$$libinit$$0000002F) for __rt_lib_init_return
    libinit.o(.ARM.Collect$$libinit$$00000000) refers (Special) to libinit2.o(.ARM.Collect$$libinit$$00000019) for __rt_lib_init_signal_1
    libinit.o(.ARM.Collect$$libinit$$00000000) refers (Special) to libinit2.o(.ARM.Collect$$libinit$$00000021) for __rt_lib_init_stdio_1
    libinit.o(.ARM.Collect$$libinit$$00000000) refers (Special) to libinit2.o(.ARM.Collect$$libinit$$00000008) for __rt_lib_init_user_alloc_1
    libinit2.o(.ARM.Collect$$libinit$$0000000B) refers (Weak) to rt_locale_intlibspace.o(.text) for __rt_locale
    libinit2.o(.ARM.Collect$$libinit$$0000000C) refers to libinit2.o(.ARM.Collect$$libinit$$0000000B) for .ARM.Collect$$libinit$$0000000B
    libinit2.o(.ARM.Collect$$libinit$$0000000E) refers to libinit2.o(.ARM.Collect$$libinit$$0000000B) for .ARM.Collect$$libinit$$0000000B
    libinit2.o(.ARM.Collect$$libinit$$00000010) refers to libinit2.o(.ARM.Collect$$libinit$$0000000B) for .ARM.Collect$$libinit$$0000000B
    libinit2.o(.ARM.Collect$$libinit$$00000012) refers to libinit2.o(.ARM.Collect$$libinit$$0000000B) for .ARM.Collect$$libinit$$0000000B
    libinit2.o(.ARM.Collect$$libinit$$00000012) refers (Weak) to lc_numeric_c.o(locale$$code) for _get_lc_numeric
    libinit2.o(.ARM.Collect$$libinit$$00000014) refers to libinit2.o(.ARM.Collect$$libinit$$0000000B) for .ARM.Collect$$libinit$$0000000B
    libinit2.o(.ARM.Collect$$libinit$$00000022) refers to argv_veneer.o(.text) for __ARM_argv_veneer
    libinit2.o(.ARM.Collect$$libinit$$00000023) refers to argv_veneer.o(.text) for __ARM_argv_veneer
    rtexit.o(.ARM.Collect$$rtexit$$00000000) refers (Special) to rtexit2.o(.ARM.Collect$$rtexit$$00000004) for __rt_exit_exit
    rtexit.o(.ARM.Collect$$rtexit$$00000000) refers (Special) to rtexit2.o(.ARM.Collect$$rtexit$$00000003) for __rt_exit_ls
    rtexit.o(.ARM.Collect$$rtexit$$00000000) refers (Special) to rtexit2.o(.ARM.Collect$$rtexit$$00000002) for __rt_exit_prels_1
    rtexit.o(.ARM.exidx) refers (Special) to rtexit2.o(.ARM.Collect$$rtexit$$00000004) for __rt_exit_exit
    rtexit.o(.ARM.exidx) refers (Special) to rtexit2.o(.ARM.Collect$$rtexit$$00000003) for __rt_exit_ls
    rtexit.o(.ARM.exidx) refers (Special) to rtexit2.o(.ARM.Collect$$rtexit$$00000002) for __rt_exit_prels_1
    rtexit.o(.ARM.exidx) refers to rtexit.o(.ARM.Collect$$rtexit$$00000000) for .ARM.Collect$$rtexit$$00000000
    rt_raise.o(.text) refers to __raise.o(.text) for __raise
    rt_raise.o(.text) refers to retarget.o(.text) for _sys_exit
    defsig_exit.o(.text) refers to retarget.o(.text) for _sys_exit
    defsig_fpe_inner.o(.text) refers to defsig_general.o(.text) for __default_signal_display
    rtexit2.o(.ARM.Collect$$rtexit$$00000003) refers to libshutdown.o(.ARM.Collect$$libshutdown$$00000000) for __rt_lib_shutdown
    rtexit2.o(.ARM.Collect$$rtexit$$00000004) refers to retarget.o(.text) for _sys_exit
    rtexit2.o(.ARM.exidx) refers to rtexit2.o(.ARM.Collect$$rtexit$$00000001) for .ARM.Collect$$rtexit$$00000001
    rtexit2.o(.ARM.exidx) refers to rtexit2.o(.ARM.Collect$$rtexit$$00000003) for .ARM.Collect$$rtexit$$00000003
    rtexit2.o(.ARM.exidx) refers to rtexit2.o(.ARM.Collect$$rtexit$$00000004) for .ARM.Collect$$rtexit$$00000004
    __raise.o(.text) refers to defsig.o(CL$$defsig) for __default_signal_handler
    defsig_general.o(.text) refers to retarget.o(.text) for _ttywrch
    _get_argv_nomalloc.o(.text) refers (Special) to hrguard.o(.text) for __heap_region$guard
    _get_argv_nomalloc.o(.text) refers to defsig_rtmem_outer.o(.text) for __rt_SIGRTMEM
    _get_argv_nomalloc.o(.text) refers to sys_command.o(.text) for _sys_command_string
    sys_command.o(.text) refers (Special) to use_no_semi.o(.text) for __I$use$semihosting
    sys_command.o(.text) refers (Special) to indicate_semi.o(.text) for __semihosting_library_function
    defsig_rtmem_outer.o(.text) refers to defsig_rtmem_inner.o(.text) for __rt_SIGRTMEM_inner
    defsig_rtmem_outer.o(.text) refers to defsig_exit.o(.text) for __sig_exit
    defsig_rtmem_formal.o(.text) refers to rt_raise.o(.text) for __rt_raise
    defsig.o(CL$$defsig) refers to defsig_fpe_inner.o(.text) for __rt_SIGFPE_inner
    defsig.o(CL$$defsig) refers to defsig_rtmem_inner.o(.text) for __rt_SIGRTMEM_inner
    libshutdown.o(.ARM.Collect$$libshutdown$$00000000) refers (Special) to libshutdown2.o(.ARM.Collect$$libshutdown$$00000006) for __rt_lib_shutdown_fp_trap_1
    libshutdown.o(.ARM.Collect$$libshutdown$$00000000) refers (Special) to libshutdown2.o(.ARM.Collect$$libshutdown$$0000000E) for __rt_lib_shutdown_heap_1
    libshutdown.o(.ARM.Collect$$libshutdown$$00000000) refers (Special) to libshutdown2.o(.ARM.Collect$$libshutdown$$0000000F) for __rt_lib_shutdown_return
    libshutdown.o(.ARM.Collect$$libshutdown$$00000000) refers (Special) to libshutdown2.o(.ARM.Collect$$libshutdown$$00000009) for __rt_lib_shutdown_signal_1
    libshutdown.o(.ARM.Collect$$libshutdown$$00000000) refers (Special) to libshutdown2.o(.ARM.Collect$$libshutdown$$00000003) for __rt_lib_shutdown_stdio_1
    libshutdown.o(.ARM.Collect$$libshutdown$$00000000) refers (Special) to libshutdown2.o(.ARM.Collect$$libshutdown$$0000000B) for __rt_lib_shutdown_user_alloc_1
    defsig_abrt_inner.o(.text) refers to defsig_general.o(.text) for __default_signal_display
    defsig_rtred_inner.o(.text) refers to defsig_general.o(.text) for __default_signal_display
    defsig_rtmem_inner.o(.text) refers to defsig_general.o(.text) for __default_signal_display
    defsig_stak_inner.o(.text) refers to defsig_general.o(.text) for __default_signal_display
    defsig_pvfn_inner.o(.text) refers to defsig_general.o(.text) for __default_signal_display
    defsig_cppl_inner.o(.text) refers to defsig_general.o(.text) for __default_signal_display
    defsig_segv_inner.o(.text) refers to defsig_general.o(.text) for __default_signal_display
    defsig_other.o(.text) refers to defsig_general.o(.text) for __default_signal_display


==============================================================================

Removing Unused input sections from the image.

    Removing system_lpc11xx.o(.rev16_text), (4 bytes).
    Removing system_lpc11xx.o(.revsh_text), (4 bytes).
    Removing cpu_lpc1000.o(.rev16_text), (4 bytes).
    Removing cpu_lpc1000.o(.revsh_text), (4 bytes).
    Removing main.o(.rev16_text), (4 bytes).
    Removing main.o(.revsh_text), (4 bytes).
    Removing main.o(.data), (1 bytes).
    Removing gpio.o(.rev16_text), (4 bytes).
    Removing gpio.o(.revsh_text), (4 bytes).
    Removing i2c.o(.rev16_text), (4 bytes).
    Removing i2c.o(.revsh_text), (4 bytes).
    Removing ssp.o(.rev16_text), (4 bytes).
    Removing ssp.o(.revsh_text), (4 bytes).
    Removing timer32.o(.rev16_text), (4 bytes).
    Removing timer32.o(.revsh_text), (4 bytes).
    Removing uart.o(.rev16_text), (4 bytes).
    Removing uart.o(.revsh_text), (4 bytes).
    Removing ax12.o(.rev16_text), (4 bytes).
    Removing ax12.o(.revsh_text), (4 bytes).
    Removing ax12.o(.text), (5040 bytes).
    Removing ax12.o(.data), (44 bytes).
    Removing nrf24l01.o(.rev16_text), (4 bytes).
    Removing nrf24l01.o(.revsh_text), (4 bytes).

23 unused section(s) (total 5165 bytes) removed from the image.

==============================================================================

Image Symbol Table

    Local Symbols

    Symbol Name                              Value     Ov Type        Size  Object(Section)

    RESET                                    0x00000000   Section      192  startup_lpc11xx.o(RESET)
    ../../angel/boardlib.s                   0x00000000   Number         0  boardshut.o ABSOLUTE
    ../../angel/boardlib.s                   0x00000000   Number         0  boardinit1.o ABSOLUTE
    ../../angel/boardlib.s                   0x00000000   Number         0  boardinit2.o ABSOLUTE
    ../../angel/boardlib.s                   0x00000000   Number         0  boardinit3.o ABSOLUTE
    ../../angel/handlers.s                   0x00000000   Number         0  __scatter_zi.o ABSOLUTE
    ../../angel/handlers.s                   0x00000000   Number         0  __scatter_copy.o ABSOLUTE
    ../../angel/kernel.s                     0x00000000   Number         0  rtexit.o ABSOLUTE
    ../../angel/kernel.s                     0x00000000   Number         0  rtentry.o ABSOLUTE
    ../../angel/kernel.s                     0x00000000   Number         0  rtentry4.o ABSOLUTE
    ../../angel/kernel.s                     0x00000000   Number         0  rtexit2.o ABSOLUTE
    ../../angel/kernel.s                     0x00000000   Number         0  rtentry2.o ABSOLUTE
    ../../angel/rt.s                         0x00000000   Number         0  rt_locale.o ABSOLUTE
    ../../angel/rt.s                         0x00000000   Number         0  rt_raise.o ABSOLUTE
    ../../angel/rt.s                         0x00000000   Number         0  rt_locale_intlibspace.o ABSOLUTE
    ../../angel/rt.s                         0x00000000   Number         0  rt_errno_addr.o ABSOLUTE
    ../../angel/rt.s                         0x00000000   Number         0  rt_errno_addr_intlibspace.o ABSOLUTE
    ../../angel/rt.s                         0x00000000   Number         0  rt_div0.o ABSOLUTE
    ../../angel/rt.s                         0x00000000   Number         0  aeabi_idiv0.o ABSOLUTE
    ../../angel/rt.s                         0x00000000   Number         0  aeabi_idiv0_sigfpe.o ABSOLUTE
    ../../angel/scatterp.s                   0x00000000   Number         0  __scatter.o ABSOLUTE
    ../../angel/startup.s                    0x00000000   Number         0  __main.o ABSOLUTE
    ../../angel/sys.s                        0x00000000   Number         0  use_no_semi.o ABSOLUTE
    ../../angel/sys.s                        0x00000000   Number         0  indicate_semi.o ABSOLUTE
    ../../angel/sys.s                        0x00000000   Number         0  tempstk.o ABSOLUTE
    ../../angel/sys.s                        0x00000000   Number         0  sys_stackheap_outer.o ABSOLUTE
    ../../angel/sys.s                        0x00000000   Number         0  libspace.o ABSOLUTE
    ../../angel/sysapp.c                     0x00000000   Number         0  sys_command.o ABSOLUTE
    ../../armsys.c                           0x00000000   Number         0  no_argv.o ABSOLUTE
    ../../armsys.c                           0x00000000   Number         0  _get_argv_nomalloc.o ABSOLUTE
    ../../armsys.c                           0x00000000   Number         0  argv_veneer.o ABSOLUTE
    ../../atan.c                             0x00000000   Number         0  atan.o ABSOLUTE
    ../../atan.c                             0x00000000   Number         0  atan_x.o ABSOLUTE
    ../../atan2.c                            0x00000000   Number         0  atan2.o ABSOLUTE
    ../../atan2.c                            0x00000000   Number         0  atan2_x.o ABSOLUTE
    ../../bigflt.c                           0x00000000   Number         0  bigflt0.o ABSOLUTE
    ../../btod.c                             0x00000000   Number         0  btod.o ABSOLUTE
    ../../cfplib/d2f.c                       0x00000000   Number         0  d2f.o ABSOLUTE
    ../../cfplib/daddsub.c                   0x00000000   Number         0  daddsub.o ABSOLUTE
    ../../cfplib/ddiv.c                      0x00000000   Number         0  ddiv.o ABSOLUTE
    ../../cfplib/dmul.c                      0x00000000   Number         0  dmul.o ABSOLUTE
    ../../cfplib/f2d.c                       0x00000000   Number         0  f2d.o ABSOLUTE
    ../../cfplib/fdiv.c                      0x00000000   Number         0  fdiv.o ABSOLUTE
    ../../cfplib/ffix.c                      0x00000000   Number         0  ffixi.o ABSOLUTE
    ../../cfplib/fflt.c                      0x00000000   Number         0  dflti.o ABSOLUTE
    ../../cfplib/fflt.c                      0x00000000   Number         0  fflti.o ABSOLUTE
    ../../cfplib/fpinit.c                    0x00000000   Number         0  fpinit.o ABSOLUTE
    ../../cfplib/ieee_status.c               0x00000000   Number         0  ieee_status.o ABSOLUTE
    ../../cfplib/scalbn.c                    0x00000000   Number         0  dscalbn.o ABSOLUTE
    ../../division.c                         0x00000000   Number         0  rtudiv10.o ABSOLUTE
    ../../division.c                         0x00000000   Number         0  lludiv10.o ABSOLUTE
    ../../division.s                         0x00000000   Number         0  aeabi_sdiv_div0.o ABSOLUTE
    ../../division.s                         0x00000000   Number         0  aeabi_sdiv.o ABSOLUTE
    ../../dunder.c                           0x00000000   Number         0  dunder.o ABSOLUTE
    ../../faddsub6m.s                        0x00000000   Number         0  faddsub.o ABSOLUTE
    ../../fenv.c                             0x00000000   Number         0  _rserrno.o ABSOLUTE
    ../../fmul6m.s                           0x00000000   Number         0  fmul.o ABSOLUTE
    ../../fpclassify.c                       0x00000000   Number         0  fpclassify.o ABSOLUTE
    ../../heapalloc.c                        0x00000000   Number         0  hrguard.o ABSOLUTE
    ../../heapaux.c                          0x00000000   Number         0  heapauxi.o ABSOLUTE
    ../../libinit.s                          0x00000000   Number         0  libshutdown.o ABSOLUTE
    ../../libinit.s                          0x00000000   Number         0  libinit.o ABSOLUTE
    ../../libinit.s                          0x00000000   Number         0  libinit2.o ABSOLUTE
    ../../libinit.s                          0x00000000   Number         0  libshutdown2.o ABSOLUTE
    ../../locale.s                           0x00000000   Number         0  lc_numeric_c.o ABSOLUTE
    ../../misc.s                             0x00000000   Number         0  printf_stubs.o ABSOLUTE
    ../../poly.c                             0x00000000   Number         0  poly.o ABSOLUTE
    ../../printf.c                           0x00000000   Number         0  __printf.o ABSOLUTE
    ../../printf.c                           0x00000000   Number         0  _printf_dec.o ABSOLUTE
    ../../printf.c                           0x00000000   Number         0  __printf_flags.o ABSOLUTE
    ../../printf.c                           0x00000000   Number         0  __printf_ss.o ABSOLUTE
    ../../printf.c                           0x00000000   Number         0  __printf_flags_ss.o ABSOLUTE
    ../../printf.c                           0x00000000   Number         0  __printf_flags_wp.o ABSOLUTE
    ../../printf.c                           0x00000000   Number         0  __printf_ss_wp.o ABSOLUTE
    ../../printf.c                           0x00000000   Number         0  __printf_flags_ss_wp.o ABSOLUTE
    ../../printf.c                           0x00000000   Number         0  __printf_nopercent.o ABSOLUTE
    ../../printf.c                           0x00000000   Number         0  _printf_fp_infnan.o ABSOLUTE
    ../../printf.c                           0x00000000   Number         0  _printf_intcommon.o ABSOLUTE
    ../../printf.c                           0x00000000   Number         0  _printf_fp_dec.o ABSOLUTE
    ../../printf.c                           0x00000000   Number         0  _printf_char_common.o ABSOLUTE
    ../../printf.c                           0x00000000   Number         0  _sputc.o ABSOLUTE
    ../../printf.c                           0x00000000   Number         0  _snputc.o ABSOLUTE
    ../../printf.c                           0x00000000   Number         0  _printf_char_file.o ABSOLUTE
    ../../printf.c                           0x00000000   Number         0  noretval__2snprintf.o ABSOLUTE
    ../../printf.c                           0x00000000   Number         0  __2printf.o ABSOLUTE
    ../../printf.c                           0x00000000   Number         0  __2snprintf.o ABSOLUTE
    ../../printf.c                           0x00000000   Number         0  noretval__2printf.o ABSOLUTE
    ../../printf.c                           0x00000000   Number         0  __printf_wp.o ABSOLUTE
    ../../printf1.s                          0x00000000   Number         0  printf1.o ABSOLUTE
    ../../printf_percent.s                   0x00000000   Number         0  _printf_d.o ABSOLUTE
    ../../printf_percent.s                   0x00000000   Number         0  _printf_f.o ABSOLUTE
    ../../printf_percent.s                   0x00000000   Number         0  _printf_percent_end.o ABSOLUTE
    ../../printf_percent.s                   0x00000000   Number         0  _printf_percent.o ABSOLUTE
    ../../qnan.c                             0x00000000   Number         0  qnan.o ABSOLUTE
    ../../signal.c                           0x00000000   Number         0  defsig_rtred_inner.o ABSOLUTE
    ../../signal.c                           0x00000000   Number         0  defsig_rtmem_outer.o ABSOLUTE
    ../../signal.c                           0x00000000   Number         0  defsig_rtmem_formal.o ABSOLUTE
    ../../signal.c                           0x00000000   Number         0  defsig_abrt_inner.o ABSOLUTE
    ../../signal.c                           0x00000000   Number         0  defsig_pvfn_inner.o ABSOLUTE
    ../../signal.c                           0x00000000   Number         0  defsig_rtmem_inner.o ABSOLUTE
    ../../signal.c                           0x00000000   Number         0  defsig_stak_inner.o ABSOLUTE
    ../../signal.c                           0x00000000   Number         0  defsig_fpe_formal.o ABSOLUTE
    ../../signal.c                           0x00000000   Number         0  defsig_fpe_outer.o ABSOLUTE
    ../../signal.c                           0x00000000   Number         0  defsig_cppl_inner.o ABSOLUTE
    ../../signal.c                           0x00000000   Number         0  defsig_exit.o ABSOLUTE
    ../../signal.c                           0x00000000   Number         0  __raise.o ABSOLUTE
    ../../signal.c                           0x00000000   Number         0  defsig_segv_inner.o ABSOLUTE
    ../../signal.c                           0x00000000   Number         0  defsig_other.o ABSOLUTE
    ../../signal.c                           0x00000000   Number         0  defsig_fpe_inner.o ABSOLUTE
    ../../signal.c                           0x00000000   Number         0  defsig_general.o ABSOLUTE
    ../../signal.s                           0x00000000   Number         0  defsig.o ABSOLUTE
    ../../stdlib.c                           0x00000000   Number         0  exit.o ABSOLUTE
    ../../string.c                           0x00000000   Number         0  strcmp.o ABSOLUTE
    ../../string.c                           0x00000000   Number         0  strncmp.o ABSOLUTE
    ../../usenofp.s                          0x00000000   Number         0  usenofp.o ABSOLUTE
    AX12.c                                   0x00000000   Number         0  ax12.o ABSOLUTE
    AX12.c                                   0x00000000   Number         0  ax12.o ABSOLUTE
    Retarget.c                               0x00000000   Number         0  retarget.o ABSOLUTE
    cpu_lpc1000.c                            0x00000000   Number         0  cpu_lpc1000.o ABSOLUTE
    cpu_lpc1000.c                            0x00000000   Number         0  cpu_lpc1000.o ABSOLUTE
    dc.s                                     0x00000000   Number         0  dc.o ABSOLUTE
    gpio.c                                   0x00000000   Number         0  gpio.o ABSOLUTE
    gpio.c                                   0x00000000   Number         0  gpio.o ABSOLUTE
    i2c.c                                    0x00000000   Number         0  i2c.o ABSOLUTE
    i2c.c                                    0x00000000   Number         0  i2c.o ABSOLUTE
    kalman.c                                 0x00000000   Number         0  kalman.o ABSOLUTE
    main.c                                   0x00000000   Number         0  main.o ABSOLUTE
    main.c                                   0x00000000   Number         0  main.o ABSOLUTE
    mpu6050.c                                0x00000000   Number         0  mpu6050.o ABSOLUTE
    nrf24l01.c                               0x00000000   Number         0  nrf24l01.o ABSOLUTE
    nrf24l01.c                               0x00000000   Number         0  nrf24l01.o ABSOLUTE
    ssp.c                                    0x00000000   Number         0  ssp.o ABSOLUTE
    ssp.c                                    0x00000000   Number         0  ssp.o ABSOLUTE
    startup_LPC11xx.s                        0x00000000   Number         0  startup_lpc11xx.o ABSOLUTE
    system_LPC11xx.c                         0x00000000   Number         0  system_lpc11xx.o ABSOLUTE
    system_LPC11xx.c                         0x00000000   Number         0  system_lpc11xx.o ABSOLUTE
    timer32.c                                0x00000000   Number         0  timer32.o ABSOLUTE
    timer32.c                                0x00000000   Number         0  timer32.o ABSOLUTE
    uart.c                                   0x00000000   Number         0  uart.o ABSOLUTE
    uart.c                                   0x00000000   Number         0  uart.o ABSOLUTE
    !!!main                                  0x000000c0   Section        8  __main.o(!!!main)
    !!!scatter                               0x000000c8   Section       60  __scatter.o(!!!scatter)
    !!handler_copy                           0x00000104   Section       26  __scatter_copy.o(!!handler_copy)
    !!handler_zi                             0x00000120   Section       28  __scatter_zi.o(!!handler_zi)
    .ARM.Collect$$_printf_percent$$00000000  0x0000013c   Section        2  _printf_percent.o(.ARM.Collect$$_printf_percent$$00000000)
    .ARM.Collect$$_printf_percent$$00000003  0x0000013e   Section       10  _printf_f.o(.ARM.Collect$$_printf_percent$$00000003)
    .ARM.Collect$$_printf_percent$$00000009  0x00000148   Section       10  _printf_d.o(.ARM.Collect$$_printf_percent$$00000009)
    .ARM.Collect$$_printf_percent$$00000017  0x00000152   Section        4  _printf_percent_end.o(.ARM.Collect$$_printf_percent$$00000017)
    .ARM.Collect$$libinit$$00000000          0x00000156   Section        6  libinit.o(.ARM.Collect$$libinit$$00000000)
    .ARM.Collect$$libinit$$00000006          0x0000015c   Section        0  libinit2.o(.ARM.Collect$$libinit$$00000006)
    .ARM.Collect$$libinit$$00000008          0x0000015c   Section        0  libinit2.o(.ARM.Collect$$libinit$$00000008)
    .ARM.Collect$$libinit$$0000000A          0x0000015c   Section        0  libinit2.o(.ARM.Collect$$libinit$$0000000A)
    .ARM.Collect$$libinit$$0000000B          0x0000015c   Section        6  libinit2.o(.ARM.Collect$$libinit$$0000000B)
    .ARM.Collect$$libinit$$0000000D          0x00000162   Section        0  libinit2.o(.ARM.Collect$$libinit$$0000000D)
    .ARM.Collect$$libinit$$0000000F          0x00000162   Section        0  libinit2.o(.ARM.Collect$$libinit$$0000000F)
    .ARM.Collect$$libinit$$00000011          0x00000162   Section        0  libinit2.o(.ARM.Collect$$libinit$$00000011)
    .ARM.Collect$$libinit$$00000012          0x00000162   Section       10  libinit2.o(.ARM.Collect$$libinit$$00000012)
    .ARM.Collect$$libinit$$00000013          0x0000016c   Section        0  libinit2.o(.ARM.Collect$$libinit$$00000013)
    .ARM.Collect$$libinit$$00000015          0x0000016c   Section        0  libinit2.o(.ARM.Collect$$libinit$$00000015)
    .ARM.Collect$$libinit$$00000017          0x0000016c   Section        0  libinit2.o(.ARM.Collect$$libinit$$00000017)
    .ARM.Collect$$libinit$$00000019          0x0000016c   Section        0  libinit2.o(.ARM.Collect$$libinit$$00000019)
    .ARM.Collect$$libinit$$0000001B          0x0000016c   Section        0  libinit2.o(.ARM.Collect$$libinit$$0000001B)
    .ARM.Collect$$libinit$$0000001D          0x0000016c   Section        0  libinit2.o(.ARM.Collect$$libinit$$0000001D)
    .ARM.Collect$$libinit$$0000001F          0x0000016c   Section        0  libinit2.o(.ARM.Collect$$libinit$$0000001F)
    .ARM.Collect$$libinit$$00000021          0x0000016c   Section        0  libinit2.o(.ARM.Collect$$libinit$$00000021)
    .ARM.Collect$$libinit$$00000028          0x0000016c   Section        0  libinit2.o(.ARM.Collect$$libinit$$00000028)
    .ARM.Collect$$libinit$$0000002A          0x0000016c   Section        0  libinit2.o(.ARM.Collect$$libinit$$0000002A)
    .ARM.Collect$$libinit$$0000002C          0x0000016c   Section        0  libinit2.o(.ARM.Collect$$libinit$$0000002C)
    .ARM.Collect$$libinit$$0000002E          0x0000016c   Section        0  libinit2.o(.ARM.Collect$$libinit$$0000002E)
    .ARM.Collect$$libinit$$0000002F          0x0000016c   Section        2  libinit2.o(.ARM.Collect$$libinit$$0000002F)
    .ARM.Collect$$libshutdown$$00000000      0x0000016e   Section        2  libshutdown.o(.ARM.Collect$$libshutdown$$00000000)
    .ARM.Collect$$libshutdown$$00000003      0x00000170   Section        0  libshutdown2.o(.ARM.Collect$$libshutdown$$00000003)
    .ARM.Collect$$libshutdown$$00000006      0x00000170   Section        0  libshutdown2.o(.ARM.Collect$$libshutdown$$00000006)
    .ARM.Collect$$libshutdown$$00000009      0x00000170   Section        0  libshutdown2.o(.ARM.Collect$$libshutdown$$00000009)
    .ARM.Collect$$libshutdown$$0000000B      0x00000170   Section        0  libshutdown2.o(.ARM.Collect$$libshutdown$$0000000B)
    .ARM.Collect$$libshutdown$$0000000E      0x00000170   Section        0  libshutdown2.o(.ARM.Collect$$libshutdown$$0000000E)
    .ARM.Collect$$libshutdown$$0000000F      0x00000170   Section        2  libshutdown2.o(.ARM.Collect$$libshutdown$$0000000F)
    .ARM.Collect$$rtentry$$00000000          0x00000172   Section        0  rtentry.o(.ARM.Collect$$rtentry$$00000000)
    .ARM.Collect$$rtentry$$00000002          0x00000172   Section        0  rtentry2.o(.ARM.Collect$$rtentry$$00000002)
    .ARM.Collect$$rtentry$$00000004          0x00000172   Section        6  rtentry4.o(.ARM.Collect$$rtentry$$00000004)
    .ARM.Collect$$rtentry$$00000009          0x00000178   Section        0  rtentry2.o(.ARM.Collect$$rtentry$$00000009)
    .ARM.Collect$$rtentry$$0000000A          0x00000178   Section        4  rtentry2.o(.ARM.Collect$$rtentry$$0000000A)
    .ARM.Collect$$rtentry$$0000000C          0x0000017c   Section        0  rtentry2.o(.ARM.Collect$$rtentry$$0000000C)
    .ARM.Collect$$rtentry$$0000000D          0x0000017c   Section        8  rtentry2.o(.ARM.Collect$$rtentry$$0000000D)
    .ARM.Collect$$rtexit$$00000000           0x00000184   Section        2  rtexit.o(.ARM.Collect$$rtexit$$00000000)
    .ARM.Collect$$rtexit$$00000002           0x00000186   Section        0  rtexit2.o(.ARM.Collect$$rtexit$$00000002)
    .ARM.Collect$$rtexit$$00000003           0x00000186   Section        4  rtexit2.o(.ARM.Collect$$rtexit$$00000003)
    .ARM.Collect$$rtexit$$00000004           0x0000018a   Section        6  rtexit2.o(.ARM.Collect$$rtexit$$00000004)
    .text                                    0x00000190   Section       52  startup_lpc11xx.o(.text)
    .text                                    0x000001c4   Section        0  cpu_lpc1000.o(.text)
    NVIC_SetPriority                         0x00000237   Thumb Code   110  cpu_lpc1000.o(.text)
    .text                                    0x000002c4   Section        0  retarget.o(.text)
    .text                                    0x000002f4   Section        2  use_no_semi.o(.text)
    .text                                    0x000002f6   Section        0  heapauxi.o(.text)
    .ARM.__at_0x02FC                         0x000002fc   Section        4  startup_lpc11xx.o(.ARM.__at_0x02FC)
    .text                                    0x00000300   Section        0  system_lpc11xx.o(.text)
    .text                                    0x00000520   Section        0  main.o(.text)
    .text                                    0x000008c4   Section        0  i2c.o(.text)
    .text                                    0x00000ba4   Section        0  ssp.o(.text)
    NVIC_EnableIRQ                           0x00000e93   Thumb Code    14  ssp.o(.text)
    .text                                    0x00000edc   Section        0  timer32.o(.text)
    .text                                    0x00001230   Section        0  uart.o(.text)
    .text                                    0x00001548   Section        0  kalman.o(.text)
    .text                                    0x00001754   Section        0  mpu6050.o(.text)
    .text                                    0x00001a44   Section        0  nrf24l01.o(.text)
    .text                                    0x00001d38   Section        0  noretval__2printf.o(.text)
    .text                                    0x00001d54   Section        0  noretval__2snprintf.o(.text)
    .text                                    0x00001d8c   Section        0  _printf_dec.o(.text)
    .text                                    0x00001df8   Section        0  __printf_wp.o(.text)
    .text                                    0x00001f08   Section        0  strncmp.o(.text)
    .text                                    0x00001fa8   Section      346  aeabi_sdiv.o(.text)
    .text                                    0x00002104   Section        0  d2f.o(.text)
    .text                                    0x00002180   Section        0  ddiv.o(.text)
    .text                                    0x000025b8   Section        0  dflti.o(.text)
    .text                                    0x00002610   Section        0  dmul.o(.text)
    .text                                    0x000028a0   Section        0  f2d.o(.text)
    .text                                    0x000028f0   Section        0  fdiv.o(.text)
    .text                                    0x00002a50   Section        0  ffixi.o(.text)
    .text                                    0x00002a9c   Section        0  fflti.o(.text)
    .text                                    0x00002afa   Section        0  _printf_intcommon.o(.text)
    .text                                    0x00002bac   Section        0  _printf_fp_dec.o(.text)
    _fp_digits                               0x00002baf   Thumb Code   412  _printf_fp_dec.o(.text)
    .text                                    0x00002fc0   Section        0  _printf_char_common.o(.text)
    _printf_input_char                       0x00002fc1   Thumb Code    10  _printf_char_common.o(.text)
    .text                                    0x00002ff0   Section        0  _sputc.o(.text)
    .text                                    0x00002ffa   Section        0  _snputc.o(.text)
    .text                                    0x0000300c   Section        0  _printf_char_file.o(.text)
    .text                                    0x00003034   Section        0  rtudiv10.o(.text)
    .text                                    0x0000305c   Section        0  daddsub.o(.text)
    _dadd1                                   0x0000305d   Thumb Code   286  daddsub.o(.text)
    _dsub1                                   0x0000317b   Thumb Code   462  daddsub.o(.text)
    .text                                    0x000033a0   Section        8  rt_locale_intlibspace.o(.text)
    .text                                    0x000033a8   Section        0  lludiv10.o(.text)
    .text                                    0x00003424   Section        0  _printf_fp_infnan.o(.text)
    .text                                    0x000034ac   Section        0  bigflt0.o(.text)
    .text                                    0x00003578   Section        0  btod.o(.text)
    btod_internal_mul                        0x000035b9   Thumb Code   456  btod.o(.text)
    btod_internal_div                        0x00003781   Thumb Code   494  btod.o(.text)
    .text                                    0x00003a20   Section        0  dscalbn.o(.text)
    .text                                    0x00003a84   Section        8  libspace.o(.text)
    .text                                    0x00003a8c   Section       62  sys_stackheap_outer.o(.text)
    .text                                    0x00003aca   Section        0  exit.o(.text)
    .text                                    0x00003ad8   Section        0  strcmp.o(.text)
    i.__ARM_common_ll_muluu                  0x00003b60   Section        0  btod.o(i.__ARM_common_ll_muluu)
    i.__ARM_common_switch8                   0x00003b90   Section        0  system_lpc11xx.o(i.__ARM_common_switch8)
    i.__ARM_fpclassify                       0x00003bac   Section        0  fpclassify.o(i.__ARM_fpclassify)
    i.__kernel_poly                          0x00003bd8   Section        0  poly.o(i.__kernel_poly)
    i.__mathlib_dbl_underflow                0x00003c84   Section        0  dunder.o(i.__mathlib_dbl_underflow)
    i._is_digit                              0x00003c98   Section        0  __printf_wp.o(i._is_digit)
    i.atan                                   0x00003ca8   Section        0  atan.o(i.atan)
    i.atan2                                  0x00003ec8   Section        0  atan2.o(i.atan2)
    locale$$code                             0x00004040   Section       44  lc_numeric_c.o(locale$$code)
    x$fpl$fadd                               0x0000406c   Section      140  faddsub.o(x$fpl$fadd)
    _fadd1                                   0x00004079   Thumb Code     0  faddsub.o(x$fpl$fadd)
    x$fpl$fmul                               0x000040f8   Section      176  fmul.o(x$fpl$fmul)
    x$fpl$frsb                               0x000041a8   Section       24  faddsub.o(x$fpl$frsb)
    x$fpl$fsub                               0x000041c0   Section      208  faddsub.o(x$fpl$fsub)
    _fsub1                                   0x000041cd   Thumb Code     0  faddsub.o(x$fpl$fsub)
    x$fpl$printf1                            0x00004290   Section       16  printf1.o(x$fpl$printf1)
    .constdata                               0x000042a0   Section      128  ddiv.o(.constdata)
    x$fpl$usenofp                            0x000042a0   Section        0  usenofp.o(x$fpl$usenofp)
    ddiv_reciptbl                            0x000042a0   Data         128  ddiv.o(.constdata)
    .constdata                               0x00004320   Section       64  fdiv.o(.constdata)
    fdiv_tab                                 0x00004320   Data          64  fdiv.o(.constdata)
    .constdata                               0x00004360   Section      152  atan.o(.constdata)
    atanhi                                   0x00004360   Data          32  atan.o(.constdata)
    atanlo                                   0x00004380   Data          32  atan.o(.constdata)
    aTodd                                    0x000043a0   Data          40  atan.o(.constdata)
    aTeven                                   0x000043c8   Data          48  atan.o(.constdata)
    .constdata                               0x000043f8   Section        8  qnan.o(.constdata)
    .constdata                               0x00004400   Section      148  bigflt0.o(.constdata)
    tenpwrs_x                                0x00004400   Data          60  bigflt0.o(.constdata)
    tenpwrs_i                                0x0000443c   Data          64  bigflt0.o(.constdata)
    locale$$data                             0x000044b4   Section       28  lc_numeric_c.o(locale$$data)
    __lcnum_c_name                           0x000044b8   Data           2  lc_numeric_c.o(locale$$data)
    __lcnum_c_start                          0x000044c0   Data           0  lc_numeric_c.o(locale$$data)
    __lcnum_c_point                          0x000044cc   Data           0  lc_numeric_c.o(locale$$data)
    __lcnum_c_thousands                      0x000044ce   Data           0  lc_numeric_c.o(locale$$data)
    __lcnum_c_grouping                       0x000044cf   Data           0  lc_numeric_c.o(locale$$data)
    __lcnum_c_end                            0x000044d0   Data           0  lc_numeric_c.o(locale$$data)
    .data                                    0x10000000   Section        4  system_lpc11xx.o(.data)
    .data                                    0x10000004   Section        4  cpu_lpc1000.o(.data)
    .data                                    0x10000008   Section        8  retarget.o(.data)
    .data                                    0x10000010   Section       36  i2c.o(.data)
    .data                                    0x10000034   Section       24  ssp.o(.data)
    .data                                    0x1000004c   Section        8  timer32.o(.data)
    .data                                    0x10000054   Section       12  uart.o(.data)
    .data                                    0x10000060   Section       40  kalman.o(.data)
    .data                                    0x10000088   Section       10  mpu6050.o(.data)
    .bss                                     0x10000094   Section       16  main.o(.bss)
    .bss                                     0x100000a4   Section      128  i2c.o(.bss)
    .bss                                     0x10000124   Section       64  uart.o(.bss)
    .bss                                     0x10000164   Section       16  kalman.o(.bss)
    .bss                                     0x10000174   Section       96  libspace.o(.bss)
    HEAP                                     0x100001d8   Section        0  startup_lpc11xx.o(HEAP)
    STACK                                    0x100001d8   Section      512  startup_lpc11xx.o(STACK)
    Heap_Mem                                 0x100001d8   Data           0  startup_lpc11xx.o(HEAP)
    Stack_Mem                                0x100001d8   Data         512  startup_lpc11xx.o(STACK)
    __initial_sp                             0x100003d8   Data           0  startup_lpc11xx.o(STACK)

    Global Symbols

    Symbol Name                              Value     Ov Type        Size  Object(Section)

    BuildAttributes$$THM_ISAv3M$S$PE$A:L22$X:L11$S22$IEEE1$IW$USESV6$~STKCKD$USESV7$~SHL$OTIME$ROPI$IEEEX$EBA8$UX$STANDARDLIB$REQ8$PRES8$EABIv2 0x00000000   Number         0  anon$$obj.o ABSOLUTE
    __ARM_use_no_argv                        0x00000000   Number         0  main.o ABSOLUTE
    __Vectors                                0x00000000   Data           4  startup_lpc11xx.o(RESET)
    _printf_flags                            0x00000000   Number         0  printf_stubs.o ABSOLUTE
    _printf_return_value                     0x00000000   Number         0  printf_stubs.o ABSOLUTE
    _printf_sizespec                         0x00000000   Number         0  printf_stubs.o ABSOLUTE
    _printf_widthprec                        0x00000000   Number         0  printf_stubs.o ABSOLUTE
    __ARM_exceptions_init                     - Undefined Weak Reference
    __alloca_initialize                       - Undefined Weak Reference
    __cpp_initialize__aeabi_                  - Undefined Weak Reference
    __cxa_finalize                            - Undefined Weak Reference
    __sigvec_lookup                           - Undefined Weak Reference
    _atexit_init                              - Undefined Weak Reference
    _call_atexit_fns                          - Undefined Weak Reference
    _clock_init                               - Undefined Weak Reference
    _fp_trap_init                             - Undefined Weak Reference
    _fp_trap_shutdown                         - Undefined Weak Reference
    _get_lc_collate                           - Undefined Weak Reference
    _get_lc_ctype                             - Undefined Weak Reference
    _get_lc_monetary                          - Undefined Weak Reference
    _get_lc_time                              - Undefined Weak Reference
    _getenv_init                              - Undefined Weak Reference
    _handle_redirection                       - Undefined Weak Reference
    _init_alloc                               - Undefined Weak Reference
    _init_user_alloc                          - Undefined Weak Reference
    _initio                                   - Undefined Weak Reference
    _printf_post_padding                      - Undefined Weak Reference
    _printf_pre_padding                       - Undefined Weak Reference
    _printf_truncate_signed                   - Undefined Weak Reference
    _printf_truncate_unsigned                 - Undefined Weak Reference
    _rand_init                                - Undefined Weak Reference
    _signal_finish                            - Undefined Weak Reference
    _signal_init                              - Undefined Weak Reference
    _terminate_alloc                          - Undefined Weak Reference
    _terminate_user_alloc                     - Undefined Weak Reference
    _terminateio                              - Undefined Weak Reference
    __main                                   0x000000c1   Thumb Code     8  __main.o(!!!main)
    __scatterload                            0x000000c9   Thumb Code     0  __scatter.o(!!!scatter)
    __scatterload_rt2                        0x000000c9   Thumb Code    52  __scatter.o(!!!scatter)
    __scatterload_rt2_thumb_only             0x000000c9   Thumb Code     0  __scatter.o(!!!scatter)
    __scatterload_null                       0x000000d9   Thumb Code     0  __scatter.o(!!!scatter)
    __scatterload_copy                       0x00000105   Thumb Code    26  __scatter_copy.o(!!handler_copy)
    __scatterload_zeroinit                   0x00000121   Thumb Code    28  __scatter_zi.o(!!handler_zi)
    _printf_percent                          0x0000013d   Thumb Code     0  _printf_percent.o(.ARM.Collect$$_printf_percent$$00000000)
    _printf_f                                0x0000013f   Thumb Code     0  _printf_f.o(.ARM.Collect$$_printf_percent$$00000003)
    _printf_d                                0x00000149   Thumb Code     0  _printf_d.o(.ARM.Collect$$_printf_percent$$00000009)
    _printf_percent_end                      0x00000153   Thumb Code     0  _printf_percent_end.o(.ARM.Collect$$_printf_percent$$00000017)
    __rt_lib_init                            0x00000157   Thumb Code     0  libinit.o(.ARM.Collect$$libinit$$00000000)
    __rt_lib_init_heap_1                     0x0000015d   Thumb Code     0  libinit2.o(.ARM.Collect$$libinit$$00000006)
    __rt_lib_init_lc_common                  0x0000015d   Thumb Code     0  libinit2.o(.ARM.Collect$$libinit$$0000000B)
    __rt_lib_init_rand_1                     0x0000015d   Thumb Code     0  libinit2.o(.ARM.Collect$$libinit$$0000000A)
    __rt_lib_init_user_alloc_1               0x0000015d   Thumb Code     0  libinit2.o(.ARM.Collect$$libinit$$00000008)
    __rt_lib_init_lc_collate_1               0x00000163   Thumb Code     0  libinit2.o(.ARM.Collect$$libinit$$0000000D)
    __rt_lib_init_lc_ctype_1                 0x00000163   Thumb Code     0  libinit2.o(.ARM.Collect$$libinit$$0000000F)
    __rt_lib_init_lc_monetary_1              0x00000163   Thumb Code     0  libinit2.o(.ARM.Collect$$libinit$$00000011)
    __rt_lib_init_lc_numeric_2               0x00000163   Thumb Code     0  libinit2.o(.ARM.Collect$$libinit$$00000012)
    __rt_lib_init_alloca_1                   0x0000016d   Thumb Code     0  libinit2.o(.ARM.Collect$$libinit$$0000002A)
    __rt_lib_init_argv_1                     0x0000016d   Thumb Code     0  libinit2.o(.ARM.Collect$$libinit$$00000028)
    __rt_lib_init_atexit_1                   0x0000016d   Thumb Code     0  libinit2.o(.ARM.Collect$$libinit$$00000017)
    __rt_lib_init_clock_1                    0x0000016d   Thumb Code     0  libinit2.o(.ARM.Collect$$libinit$$0000001D)
    __rt_lib_init_cpp_1                      0x0000016d   Thumb Code     0  libinit2.o(.ARM.Collect$$libinit$$0000002E)
    __rt_lib_init_exceptions_1               0x0000016d   Thumb Code     0  libinit2.o(.ARM.Collect$$libinit$$0000002C)
    __rt_lib_init_fp_trap_1                  0x0000016d   Thumb Code     0  libinit2.o(.ARM.Collect$$libinit$$0000001B)
    __rt_lib_init_getenv_1                   0x0000016d   Thumb Code     0  libinit2.o(.ARM.Collect$$libinit$$0000001F)
    __rt_lib_init_lc_numeric_1               0x0000016d   Thumb Code     0  libinit2.o(.ARM.Collect$$libinit$$00000013)
    __rt_lib_init_lc_time_1                  0x0000016d   Thumb Code     0  libinit2.o(.ARM.Collect$$libinit$$00000015)
    __rt_lib_init_return                     0x0000016d   Thumb Code     0  libinit2.o(.ARM.Collect$$libinit$$0000002F)
    __rt_lib_init_signal_1                   0x0000016d   Thumb Code     0  libinit2.o(.ARM.Collect$$libinit$$00000019)
    __rt_lib_init_stdio_1                    0x0000016d   Thumb Code     0  libinit2.o(.ARM.Collect$$libinit$$00000021)
    __rt_lib_shutdown                        0x0000016f   Thumb Code     0  libshutdown.o(.ARM.Collect$$libshutdown$$00000000)
    __rt_lib_shutdown_fp_trap_1              0x00000171   Thumb Code     0  libshutdown2.o(.ARM.Collect$$libshutdown$$00000006)
    __rt_lib_shutdown_heap_1                 0x00000171   Thumb Code     0  libshutdown2.o(.ARM.Collect$$libshutdown$$0000000E)
    __rt_lib_shutdown_return                 0x00000171   Thumb Code     0  libshutdown2.o(.ARM.Collect$$libshutdown$$0000000F)
    __rt_lib_shutdown_signal_1               0x00000171   Thumb Code     0  libshutdown2.o(.ARM.Collect$$libshutdown$$00000009)
    __rt_lib_shutdown_stdio_1                0x00000171   Thumb Code     0  libshutdown2.o(.ARM.Collect$$libshutdown$$00000003)
    __rt_lib_shutdown_user_alloc_1           0x00000171   Thumb Code     0  libshutdown2.o(.ARM.Collect$$libshutdown$$0000000B)
    __rt_entry                               0x00000173   Thumb Code     0  rtentry.o(.ARM.Collect$$rtentry$$00000000)
    __rt_entry_presh_1                       0x00000173   Thumb Code     0  rtentry2.o(.ARM.Collect$$rtentry$$00000002)
    __rt_entry_sh                            0x00000173   Thumb Code     0  rtentry4.o(.ARM.Collect$$rtentry$$00000004)
    __rt_entry_li                            0x00000179   Thumb Code     0  rtentry2.o(.ARM.Collect$$rtentry$$0000000A)
    __rt_entry_postsh_1                      0x00000179   Thumb Code     0  rtentry2.o(.ARM.Collect$$rtentry$$00000009)
    __rt_entry_main                          0x0000017d   Thumb Code     0  rtentry2.o(.ARM.Collect$$rtentry$$0000000D)
    __rt_entry_postli_1                      0x0000017d   Thumb Code     0  rtentry2.o(.ARM.Collect$$rtentry$$0000000C)
    __rt_exit                                0x00000185   Thumb Code     0  rtexit.o(.ARM.Collect$$rtexit$$00000000)
    __rt_exit_ls                             0x00000187   Thumb Code     0  rtexit2.o(.ARM.Collect$$rtexit$$00000003)
    __rt_exit_prels_1                        0x00000187   Thumb Code     0  rtexit2.o(.ARM.Collect$$rtexit$$00000002)
    __rt_exit_exit                           0x0000018b   Thumb Code     0  rtexit2.o(.ARM.Collect$$rtexit$$00000004)
    Reset_Handler                            0x00000191   Thumb Code     8  startup_lpc11xx.o(.text)
    NMI_Handler                              0x00000199   Thumb Code     2  startup_lpc11xx.o(.text)
    HardFault_Handler                        0x0000019b   Thumb Code     2  startup_lpc11xx.o(.text)
    SVC_Handler                              0x0000019d   Thumb Code     2  startup_lpc11xx.o(.text)
    PendSV_Handler                           0x0000019f   Thumb Code     2  startup_lpc11xx.o(.text)
    SysTick_Handler                          0x000001a1   Thumb Code     2  startup_lpc11xx.o(.text)
    ADC_IRQHandler                           0x000001a3   Thumb Code     0  startup_lpc11xx.o(.text)
    BOD_IRQHandler                           0x000001a3   Thumb Code     0  startup_lpc11xx.o(.text)
    CAN_IRQHandler                           0x000001a3   Thumb Code     0  startup_lpc11xx.o(.text)
    FMC_IRQHandler                           0x000001a3   Thumb Code     0  startup_lpc11xx.o(.text)
    PIOINT0_IRQHandler                       0x000001a3   Thumb Code     0  startup_lpc11xx.o(.text)
    PIOINT1_IRQHandler                       0x000001a3   Thumb Code     0  startup_lpc11xx.o(.text)
    PIOINT2_IRQHandler                       0x000001a3   Thumb Code     0  startup_lpc11xx.o(.text)
    PIOINT3_IRQHandler                       0x000001a3   Thumb Code     0  startup_lpc11xx.o(.text)
    TIMER16_0_IRQHandler                     0x000001a3   Thumb Code     0  startup_lpc11xx.o(.text)
    TIMER16_1_IRQHandler                     0x000001a3   Thumb Code     0  startup_lpc11xx.o(.text)
    TIMER32_0_IRQHandler                     0x000001a3   Thumb Code     0  startup_lpc11xx.o(.text)
    TIMER32_1_IRQHandler                     0x000001a3   Thumb Code     0  startup_lpc11xx.o(.text)
    USB_FIQHandler                           0x000001a3   Thumb Code     0  startup_lpc11xx.o(.text)
    USB_IRQHandler                           0x000001a3   Thumb Code     0  startup_lpc11xx.o(.text)
    WAKEUP_IRQHandler                        0x000001a3   Thumb Code     0  startup_lpc11xx.o(.text)
    WDT_IRQHandler                           0x000001a3   Thumb Code     0  startup_lpc11xx.o(.text)
    __user_initial_stackheap                 0x000001a5   Thumb Code     0  startup_lpc11xx.o(.text)
    Delay_Init                               0x000001c5   Thumb Code    54  cpu_lpc1000.o(.text)
    Delay_us                                 0x000001fb   Thumb Code    18  cpu_lpc1000.o(.text)
    SPI                                      0x0000020d   Thumb Code    42  cpu_lpc1000.o(.text)
    fputc                                    0x000002c5   Thumb Code    14  retarget.o(.text)
    fgetc                                    0x000002d3   Thumb Code    10  retarget.o(.text)
    ferror                                   0x000002dd   Thumb Code     8  retarget.o(.text)
    _ttywrch                                 0x000002e5   Thumb Code    12  retarget.o(.text)
    _sys_exit                                0x000002f1   Thumb Code     4  retarget.o(.text)
    __I$use$semihosting                      0x000002f5   Thumb Code     0  use_no_semi.o(.text)
    __use_no_semihosting_swi                 0x000002f5   Thumb Code     2  use_no_semi.o(.text)
    __use_two_region_memory                  0x000002f7   Thumb Code     2  heapauxi.o(.text)
    __rt_heap_escrow$2region                 0x000002f9   Thumb Code     2  heapauxi.o(.text)
    __rt_heap_expand$2region                 0x000002fb   Thumb Code     2  heapauxi.o(.text)
    SystemCoreClockUpdate                    0x00000301   Thumb Code   358  system_lpc11xx.o(.text)
    SystemInit                               0x00000467   Thumb Code   108  system_lpc11xx.o(.text)
    Led_Blink                                0x00000521   Thumb Code    36  main.o(.text)
    NRF24L01_Receive                         0x00000545   Thumb Code    84  main.o(.text)
    NRF24L01_Send                            0x00000599   Thumb Code    50  main.o(.text)
    main                                     0x000005cb   Thumb Code   568  main.o(.text)
    I2C_IRQHandler                           0x000008c5   Thumb Code   426  i2c.o(.text)
    I2CStart                                 0x00000a6f   Thumb Code    42  i2c.o(.text)
    I2CStop                                  0x00000a99   Thumb Code    28  i2c.o(.text)
    I2CInit                                  0x00000ab5   Thumb Code   118  i2c.o(.text)
    I2CEngine                                0x00000b2b   Thumb Code    74  i2c.o(.text)
    SSP0_IRQHandler                          0x00000ba5   Thumb Code    66  ssp.o(.text)
    SSP1_IRQHandler                          0x00000be7   Thumb Code    66  ssp.o(.text)
    SSP_IOConfig                             0x00000c29   Thumb Code   334  ssp.o(.text)
    SSP_Init                                 0x00000d77   Thumb Code   102  ssp.o(.text)
    SSP_Send                                 0x00000ddd   Thumb Code   106  ssp.o(.text)
    SSP_Receive                              0x00000e47   Thumb Code    76  ssp.o(.text)
    reset_timer32                            0x00000edd   Thumb Code    38  timer32.o(.text)
    init_timer32                             0x00000f03   Thumb Code    64  timer32.o(.text)
    delay32Us                                0x00000f43   Thumb Code    76  timer32.o(.text)
    delay32Ms                                0x00000f8f   Thumb Code    76  timer32.o(.text)
    enable_timer32                           0x00000fdb   Thumb Code    24  timer32.o(.text)
    disable_timer32                          0x00000ff3   Thumb Code    24  timer32.o(.text)
    read_timer32                             0x0000100b   Thumb Code    22  timer32.o(.text)
    init_timer32PWM                          0x00001021   Thumb Code   402  timer32.o(.text)
    setMatch_timer32PWM                      0x000011b3   Thumb Code    98  timer32.o(.text)
    UART_IRQHandler                          0x00001231   Thumb Code   180  uart.o(.text)
    ModemInit                                0x000012e5   Thumb Code   190  uart.o(.text)
    UARTInit                                 0x000013a3   Thumb Code   266  uart.o(.text)
    UARTSend                                 0x000014ad   Thumb Code    30  uart.o(.text)
    UARTAvailable                            0x000014cb   Thumb Code     6  uart.o(.text)
    UARTPeek                                 0x000014d1   Thumb Code     6  uart.o(.text)
    sendchar                                 0x000014d7   Thumb Code    18  uart.o(.text)
    getkey                                   0x000014e9   Thumb Code    52  uart.o(.text)
    kalman_init                              0x00001549   Thumb Code    40  kalman.o(.text)
    kalman_update                            0x00001571   Thumb Code   432  kalman.o(.text)
    clearBuffer                              0x00001755   Thumb Code    18  mpu6050.o(.text)
    MPU6050_init                             0x00001767   Thumb Code   210  mpu6050.o(.text)
    MPU6050_whoami                           0x00001839   Thumb Code    58  mpu6050.o(.text)
    MPU6050_getGyroRoll_raw                  0x00001873   Thumb Code    64  mpu6050.o(.text)
    MPU6050_setZero                          0x000018b3   Thumb Code    36  mpu6050.o(.text)
    MPU6050_getGyroRoll_degree               0x000018d7   Thumb Code    36  mpu6050.o(.text)
    MPU6050_getGyroRoll_rad                  0x000018fb   Thumb Code    60  mpu6050.o(.text)
    MPU6050_getAccel_x_raw                   0x00001937   Thumb Code    82  mpu6050.o(.text)
    MPU6050_getAccel_x                       0x00001989   Thumb Code    30  mpu6050.o(.text)
    MPU6050_getAccel_z_raw                   0x000019a7   Thumb Code    82  mpu6050.o(.text)
    MPU6050_getAccel_z                       0x000019f9   Thumb Code    30  mpu6050.o(.text)
    NRF24L01_ReadReg                         0x00001a45   Thumb Code    38  nrf24l01.o(.text)
    NRF24L01_WriteReg                        0x00001a6b   Thumb Code    40  nrf24l01.o(.text)
    NRF24L01_ReadRegBuf                      0x00001a93   Thumb Code    54  nrf24l01.o(.text)
    NRF24L01_WriteRegBuf                     0x00001ac9   Thumb Code    52  nrf24l01.o(.text)
    NRF24L01_DRint_Init                      0x00001afd   Thumb Code    24  nrf24l01.o(.text)
    NRF24L01_Get_Status                      0x00001b15   Thumb Code    30  nrf24l01.o(.text)
    NRF24L01_Get_CD                          0x00001b33   Thumb Code    14  nrf24l01.o(.text)
    NRF24L01_Set_Power                       0x00001b41   Thumb Code    30  nrf24l01.o(.text)
    NRF24L01_Set_CH                          0x00001b5f   Thumb Code    16  nrf24l01.o(.text)
    NRF24L01_Set_ShockBurst                  0x00001b6f   Thumb Code    22  nrf24l01.o(.text)
    NRF24L01_Set_Address_Width               0x00001b85   Thumb Code    20  nrf24l01.o(.text)
    NRF24L01_Set_Device_Mode                 0x00001b99   Thumb Code    56  nrf24l01.o(.text)
    NRF24L01_Set_RX_Pipe                     0x00001bd1   Thumb Code    70  nrf24l01.o(.text)
    NRF24L01_Disable_All_Pipes               0x00001c17   Thumb Code    12  nrf24l01.o(.text)
    NRF24L01_Clear_Interrupts                0x00001c23   Thumb Code    12  nrf24l01.o(.text)
    NRF24L01_Set_TX_Address                  0x00001c2f   Thumb Code    18  nrf24l01.o(.text)
    NRF24L01_Flush_TX                        0x00001c41   Thumb Code    26  nrf24l01.o(.text)
    NRF24L01_Flush_RX                        0x00001c5b   Thumb Code    26  nrf24l01.o(.text)
    NRF24L01_Init                            0x00001c75   Thumb Code   120  nrf24l01.o(.text)
    NRF24L01_RF_TX                           0x00001ced   Thumb Code    32  nrf24l01.o(.text)
    NRF24L01_Write_TX_Buf                    0x00001d0d   Thumb Code    18  nrf24l01.o(.text)
    NRF24L01_Read_RX_Buf                     0x00001d1f   Thumb Code    18  nrf24l01.o(.text)
    __2printf                                0x00001d39   Thumb Code    22  noretval__2printf.o(.text)
    __2snprintf                              0x00001d55   Thumb Code    50  noretval__2snprintf.o(.text)
    _printf_int_dec                          0x00001d8d   Thumb Code    90  _printf_dec.o(.text)
    __printf                                 0x00001df9   Thumb Code   272  __printf_wp.o(.text)
    strncmp                                  0x00001f09   Thumb Code   154  strncmp.o(.text)
    __aeabi_uidiv                            0x00001fa9   Thumb Code     0  aeabi_sdiv.o(.text)
    __aeabi_uidivmod                         0x00001fa9   Thumb Code    20  aeabi_sdiv.o(.text)
    __aeabi_idiv                             0x00001fbd   Thumb Code     0  aeabi_sdiv.o(.text)
    __aeabi_idivmod                          0x00001fbd   Thumb Code   326  aeabi_sdiv.o(.text)
    __aeabi_d2f                              0x00002105   Thumb Code     0  d2f.o(.text)
    _d2f                                     0x00002105   Thumb Code   120  d2f.o(.text)
    __aeabi_ddiv                             0x00002181   Thumb Code     0  ddiv.o(.text)
    _ddiv                                    0x00002181   Thumb Code  1050  ddiv.o(.text)
    _drdiv                                   0x0000259b   Thumb Code    20  ddiv.o(.text)
    __aeabi_i2d_normalise                    0x000025b9   Thumb Code    64  dflti.o(.text)
    __aeabi_i2d                              0x000025f9   Thumb Code    16  dflti.o(.text)
    _dflt                                    0x000025f9   Thumb Code     0  dflti.o(.text)
    __aeabi_ui2d                             0x00002609   Thumb Code     6  dflti.o(.text)
    _dfltu                                   0x00002609   Thumb Code     0  dflti.o(.text)
    __aeabi_dmul                             0x00002611   Thumb Code     0  dmul.o(.text)
    _dmul                                    0x00002611   Thumb Code   634  dmul.o(.text)
    __aeabi_f2d                              0x000028a1   Thumb Code     0  f2d.o(.text)
    _f2d                                     0x000028a1   Thumb Code    74  f2d.o(.text)
    __aeabi_fdiv                             0x000028f1   Thumb Code     0  fdiv.o(.text)
    _fdiv                                    0x000028f1   Thumb Code   336  fdiv.o(.text)
    _frdiv                                   0x00002a41   Thumb Code     8  fdiv.o(.text)
    __aeabi_f2iz                             0x00002a51   Thumb Code     0  ffixi.o(.text)
    _ffix                                    0x00002a51   Thumb Code    76  ffixi.o(.text)
    __aeabi_i2f_normalise                    0x00002a9d   Thumb Code    72  fflti.o(.text)
    __aeabi_i2f                              0x00002ae5   Thumb Code    16  fflti.o(.text)
    _fflt                                    0x00002ae5   Thumb Code     0  fflti.o(.text)
    __aeabi_ui2f                             0x00002af5   Thumb Code     6  fflti.o(.text)
    _ffltu                                   0x00002af5   Thumb Code     0  fflti.o(.text)
    _printf_int_common                       0x00002afb   Thumb Code   176  _printf_intcommon.o(.text)
    __lib_sel_fp_printf                      0x00002bad   Thumb Code     2  _printf_fp_dec.o(.text)
    _printf_fp_dec_real                      0x00002d4b   Thumb Code   618  _printf_fp_dec.o(.text)
    _printf_char_common                      0x00002fcb   Thumb Code    32  _printf_char_common.o(.text)
    _sputc                                   0x00002ff1   Thumb Code    10  _sputc.o(.text)
    _snputc                                  0x00002ffb   Thumb Code    16  _snputc.o(.text)
    _printf_char_file                        0x0000300d   Thumb Code    34  _printf_char_file.o(.text)
    __rt_udiv10                              0x00003035   Thumb Code    40  rtudiv10.o(.text)
    __aeabi_dadd                             0x00003349   Thumb Code     0  daddsub.o(.text)
    _dadd                                    0x00003349   Thumb Code    22  daddsub.o(.text)
    __aeabi_dsub                             0x0000335f   Thumb Code     0  daddsub.o(.text)
    _dsub                                    0x0000335f   Thumb Code    22  daddsub.o(.text)
    __aeabi_drsub                            0x00003375   Thumb Code     0  daddsub.o(.text)
    _drsb                                    0x00003375   Thumb Code    24  daddsub.o(.text)
    __rt_locale                              0x000033a1   Thumb Code     8  rt_locale_intlibspace.o(.text)
    _ll_udiv10                               0x000033a9   Thumb Code   122  lludiv10.o(.text)
    _printf_fp_infnan                        0x00003425   Thumb Code   120  _printf_fp_infnan.o(.text)
    _btod_etento                             0x000034ad   Thumb Code   200  bigflt0.o(.text)
    _btod_d2e                                0x00003579   Thumb Code    64  btod.o(.text)
    _btod_emul                               0x0000396f   Thumb Code    24  btod.o(.text)
    _btod_emuld                              0x00003987   Thumb Code    60  btod.o(.text)
    _btod_ediv                               0x000039c3   Thumb Code    22  btod.o(.text)
    _btod_edivd                              0x000039d9   Thumb Code    60  btod.o(.text)
    __ARM_scalbn                             0x00003a21   Thumb Code    86  dscalbn.o(.text)
    __user_libspace                          0x00003a85   Thumb Code     8  libspace.o(.text)
    __user_perproc_libspace                  0x00003a85   Thumb Code     0  libspace.o(.text)
    __user_perthread_libspace                0x00003a85   Thumb Code     0  libspace.o(.text)
    __user_setup_stackheap                   0x00003a8d   Thumb Code    62  sys_stackheap_outer.o(.text)
    exit                                     0x00003acb   Thumb Code    12  exit.o(.text)
    strcmp                                   0x00003ad9   Thumb Code   132  strcmp.o(.text)
    __ARM_common_ll_muluu                    0x00003b61   Thumb Code    48  btod.o(i.__ARM_common_ll_muluu)
    __ARM_common_switch8                     0x00003b91   Thumb Code    28  system_lpc11xx.o(i.__ARM_common_switch8)
    __ARM_fpclassify                         0x00003bad   Thumb Code    38  fpclassify.o(i.__ARM_fpclassify)
    __kernel_poly                            0x00003bd9   Thumb Code   172  poly.o(i.__kernel_poly)
    __mathlib_dbl_underflow                  0x00003c85   Thumb Code    14  dunder.o(i.__mathlib_dbl_underflow)
    _is_digit                                0x00003c99   Thumb Code    14  __printf_wp.o(i._is_digit)
    atan                                     0x00003ca9   Thumb Code   474  atan.o(i.atan)
    atan2                                    0x00003ec9   Thumb Code   336  atan2.o(i.atan2)
    _get_lc_numeric                          0x00004041   Thumb Code    44  lc_numeric_c.o(locale$$code)
    __aeabi_fadd                             0x0000406d   Thumb Code     0  faddsub.o(x$fpl$fadd)
    _fadd                                    0x0000406d   Thumb Code   134  faddsub.o(x$fpl$fadd)
    __aeabi_fmul                             0x000040f9   Thumb Code     0  fmul.o(x$fpl$fmul)
    _fmul                                    0x000040f9   Thumb Code   172  fmul.o(x$fpl$fmul)
    __aeabi_frsub                            0x000041a9   Thumb Code     0  faddsub.o(x$fpl$frsb)
    _frsb                                    0x000041a9   Thumb Code    24  faddsub.o(x$fpl$frsb)
    __aeabi_fsub                             0x000041c1   Thumb Code     0  faddsub.o(x$fpl$fsub)
    _fsub                                    0x000041c1   Thumb Code   204  faddsub.o(x$fpl$fsub)
    _printf_fp_dec                           0x00004291   Thumb Code    16  printf1.o(x$fpl$printf1)
    __I$use$fp                               0x000042a1   Thumb Code     0  usenofp.o(x$fpl$usenofp)
    __mathlib_zero                           0x000043f8   Data           8  qnan.o(.constdata)
    Region$$Table$$Base                      0x00004494   Number         0  anon$$obj.o(Region$$Table)
    Region$$Table$$Limit                     0x000044b4   Number         0  anon$$obj.o(Region$$Table)
    SystemCoreClock                          0x10000000   Data           4  system_lpc11xx.o(.data)
    usTicks                                  0x10000004   Data           4  cpu_lpc1000.o(.data)
    __stdout                                 0x10000008   Data           4  retarget.o(.data)
    __stdin                                  0x1000000c   Data           4  retarget.o(.data)
    I2CMasterState                           0x10000010   Data           4  i2c.o(.data)
    I2CSlaveState                            0x10000014   Data           4  i2c.o(.data)
    timeout                                  0x10000018   Data           4  i2c.o(.data)
    I2CCount                                 0x1000001c   Data           4  i2c.o(.data)
    RdIndex                                  0x10000020   Data           4  i2c.o(.data)
    WrIndex                                  0x10000024   Data           4  i2c.o(.data)
    I2CMode                                  0x10000028   Data           4  i2c.o(.data)
    I2CReadLength                            0x1000002c   Data           4  i2c.o(.data)
    I2CWriteLength                           0x10000030   Data           4  i2c.o(.data)
    interruptRxStat0                         0x10000034   Data           4  ssp.o(.data)
    interruptOverRunStat0                    0x10000038   Data           4  ssp.o(.data)
    interruptRxTimeoutStat0                  0x1000003c   Data           4  ssp.o(.data)
    interruptRxStat1                         0x10000040   Data           4  ssp.o(.data)
    interruptOverRunStat1                    0x10000044   Data           4  ssp.o(.data)
    interruptRxTimeoutStat1                  0x10000048   Data           4  ssp.o(.data)
    timer32_0_period                         0x1000004c   Data           4  timer32.o(.data)
    timer32_1_period                         0x10000050   Data           4  timer32.o(.data)
    UARTTxEmpty                              0x10000054   Data           1  uart.o(.data)
    UARTCount                                0x10000058   Data           4  uart.o(.data)
    UARTStatus                               0x1000005c   Data           4  uart.o(.data)
    Q_angle                                  0x10000060   Data           4  kalman.o(.data)
    Q_bias                                   0x10000064   Data           4  kalman.o(.data)
    R_measure                                0x10000068   Data           4  kalman.o(.data)
    angle                                    0x1000006c   Data           4  kalman.o(.data)
    bias                                     0x10000070   Data           4  kalman.o(.data)
    rate                                     0x10000074   Data           4  kalman.o(.data)
    K                                        0x10000078   Data           8  kalman.o(.data)
    y                                        0x10000080   Data           4  kalman.o(.data)
    S                                        0x10000084   Data           4  kalman.o(.data)
    zero_acc_x                               0x10000088   Data           4  mpu6050.o(.data)
    zero_acc_z                               0x1000008c   Data           4  mpu6050.o(.data)
    zero_gyro_roll                           0x10000090   Data           2  mpu6050.o(.data)
    Buf                                      0x10000094   Data          16  main.o(.bss)
    I2CMasterBuffer                          0x100000a4   Data          64  i2c.o(.bss)
    I2CSlaveBuffer                           0x100000e4   Data          64  i2c.o(.bss)
    UARTBuffer                               0x10000124   Data          64  uart.o(.bss)
    P                                        0x10000164   Data          16  kalman.o(.bss)
    __libspace_start                         0x10000174   Data          96  libspace.o(.bss)
    __temporary_stack_top$libspace           0x100001d4   Data           0  libspace.o(.bss)



==============================================================================

Memory Map of the image

  Image Entry point : 0x00000191

  Load Region LR_1 (Base: 0x00000000, Size: 0x00004564, Max: 0xffffffff, ABSOLUTE)

    Execution Region ER_RO (Base: 0x00000000, Size: 0x000044d0, Max: 0xffffffff, ABSOLUTE)

    Base Addr    Size         Type   Attr      Idx    E Section Name        Object

    0x00000000   0x000000c0   Data   RO            3    RESET               startup_lpc11xx.o
    0x000000c0   0x00000008   Code   RO          419  * !!!main             c_p.l(__main.o)
    0x000000c8   0x0000003c   Code   RO          682    !!!scatter          c_p.l(__scatter.o)
    0x00000104   0x0000001a   Code   RO          684    !!handler_copy      c_p.l(__scatter_copy.o)
    0x0000011e   0x00000002   PAD
    0x00000120   0x0000001c   Code   RO          686    !!handler_zi        c_p.l(__scatter_zi.o)
    0x0000013c   0x00000002   Code   RO          410    .ARM.Collect$$_printf_percent$$00000000  c_p.l(_printf_percent.o)
    0x0000013e   0x0000000a   Code   RO          409    .ARM.Collect$$_printf_percent$$00000003  c_p.l(_printf_f.o)
    0x00000148   0x0000000a   Code   RO          408    .ARM.Collect$$_printf_percent$$00000009  c_p.l(_printf_d.o)
    0x00000152   0x00000004   Code   RO          476    .ARM.Collect$$_printf_percent$$00000017  c_p.l(_printf_percent_end.o)
    0x00000156   0x00000006   Code   RO          565    .ARM.Collect$$libinit$$00000000  c_p.l(libinit.o)
    0x0000015c   0x00000000   Code   RO          568    .ARM.Collect$$libinit$$00000006  c_p.l(libinit2.o)
    0x0000015c   0x00000000   Code   RO          570    .ARM.Collect$$libinit$$00000008  c_p.l(libinit2.o)
    0x0000015c   0x00000000   Code   RO          572    .ARM.Collect$$libinit$$0000000A  c_p.l(libinit2.o)
    0x0000015c   0x00000006   Code   RO          573    .ARM.Collect$$libinit$$0000000B  c_p.l(libinit2.o)
    0x00000162   0x00000000   Code   RO          575    .ARM.Collect$$libinit$$0000000D  c_p.l(libinit2.o)
    0x00000162   0x00000000   Code   RO          577    .ARM.Collect$$libinit$$0000000F  c_p.l(libinit2.o)
    0x00000162   0x00000000   Code   RO          579    .ARM.Collect$$libinit$$00000011  c_p.l(libinit2.o)
    0x00000162   0x0000000a   Code   RO          580    .ARM.Collect$$libinit$$00000012  c_p.l(libinit2.o)
    0x0000016c   0x00000000   Code   RO          581    .ARM.Collect$$libinit$$00000013  c_p.l(libinit2.o)
    0x0000016c   0x00000000   Code   RO          583    .ARM.Collect$$libinit$$00000015  c_p.l(libinit2.o)
    0x0000016c   0x00000000   Code   RO          585    .ARM.Collect$$libinit$$00000017  c_p.l(libinit2.o)
    0x0000016c   0x00000000   Code   RO          587    .ARM.Collect$$libinit$$00000019  c_p.l(libinit2.o)
    0x0000016c   0x00000000   Code   RO          589    .ARM.Collect$$libinit$$0000001B  c_p.l(libinit2.o)
    0x0000016c   0x00000000   Code   RO          591    .ARM.Collect$$libinit$$0000001D  c_p.l(libinit2.o)
    0x0000016c   0x00000000   Code   RO          593    .ARM.Collect$$libinit$$0000001F  c_p.l(libinit2.o)
    0x0000016c   0x00000000   Code   RO          595    .ARM.Collect$$libinit$$00000021  c_p.l(libinit2.o)
    0x0000016c   0x00000000   Code   RO          599    .ARM.Collect$$libinit$$00000028  c_p.l(libinit2.o)
    0x0000016c   0x00000000   Code   RO          601    .ARM.Collect$$libinit$$0000002A  c_p.l(libinit2.o)
    0x0000016c   0x00000000   Code   RO          603    .ARM.Collect$$libinit$$0000002C  c_p.l(libinit2.o)
    0x0000016c   0x00000000   Code   RO          605    .ARM.Collect$$libinit$$0000002E  c_p.l(libinit2.o)
    0x0000016c   0x00000002   Code   RO          606    .ARM.Collect$$libinit$$0000002F  c_p.l(libinit2.o)
    0x0000016e   0x00000002   Code   RO          647    .ARM.Collect$$libshutdown$$00000000  c_p.l(libshutdown.o)
    0x00000170   0x00000000   Code   RO          667    .ARM.Collect$$libshutdown$$00000003  c_p.l(libshutdown2.o)
    0x00000170   0x00000000   Code   RO          670    .ARM.Collect$$libshutdown$$00000006  c_p.l(libshutdown2.o)
    0x00000170   0x00000000   Code   RO          673    .ARM.Collect$$libshutdown$$00000009  c_p.l(libshutdown2.o)
    0x00000170   0x00000000   Code   RO          675    .ARM.Collect$$libshutdown$$0000000B  c_p.l(libshutdown2.o)
    0x00000170   0x00000000   Code   RO          678    .ARM.Collect$$libshutdown$$0000000E  c_p.l(libshutdown2.o)
    0x00000170   0x00000002   Code   RO          679    .ARM.Collect$$libshutdown$$0000000F  c_p.l(libshutdown2.o)
    0x00000172   0x00000000   Code   RO          457    .ARM.Collect$$rtentry$$00000000  c_p.l(rtentry.o)
    0x00000172   0x00000000   Code   RO          494    .ARM.Collect$$rtentry$$00000002  c_p.l(rtentry2.o)
    0x00000172   0x00000006   Code   RO          506    .ARM.Collect$$rtentry$$00000004  c_p.l(rtentry4.o)
    0x00000178   0x00000000   Code   RO          496    .ARM.Collect$$rtentry$$00000009  c_p.l(rtentry2.o)
    0x00000178   0x00000004   Code   RO          497    .ARM.Collect$$rtentry$$0000000A  c_p.l(rtentry2.o)
    0x0000017c   0x00000000   Code   RO          499    .ARM.Collect$$rtentry$$0000000C  c_p.l(rtentry2.o)
    0x0000017c   0x00000008   Code   RO          500    .ARM.Collect$$rtentry$$0000000D  c_p.l(rtentry2.o)
    0x00000184   0x00000002   Code   RO          608    .ARM.Collect$$rtexit$$00000000  c_p.l(rtexit.o)
    0x00000186   0x00000000   Code   RO          621    .ARM.Collect$$rtexit$$00000002  c_p.l(rtexit2.o)
    0x00000186   0x00000004   Code   RO          622    .ARM.Collect$$rtexit$$00000003  c_p.l(rtexit2.o)
    0x0000018a   0x00000006   Code   RO          623    .ARM.Collect$$rtexit$$00000004  c_p.l(rtexit2.o)
    0x00000190   0x00000034   Code   RO            5  * .text               startup_lpc11xx.o
    0x000001c4   0x00000100   Code   RO           59    .text               cpu_lpc1000.o
    0x000002c4   0x00000030   Code   RO           93    .text               retarget.o
    0x000002f4   0x00000002   Code   RO          374    .text               c_p.l(use_no_semi.o)
    0x000002f6   0x00000006   Code   RO          417    .text               c_p.l(heapauxi.o)
    0x000002fc   0x00000004   Code   RO            4    .ARM.__at_0x02FC    startup_lpc11xx.o
    0x00000300   0x00000220   Code   RO           15    .text               system_lpc11xx.o
    0x00000520   0x000003a4   Code   RO          117    .text               main.o
    0x000008c4   0x000002e0   Code   RO          196    .text               i2c.o
    0x00000ba4   0x00000338   Code   RO          223    .text               ssp.o
    0x00000edc   0x00000354   Code   RO          246    .text               timer32.o
    0x00001230   0x00000318   Code   RO          269    .text               uart.o
    0x00001548   0x0000020c   Code   RO          317    .text               kalman.o
    0x00001754   0x000002f0   Code   RO          333    .text               mpu6050.o
    0x00001a44   0x000002f4   Code   RO          354    .text               nrf24l01.o
    0x00001d38   0x0000001c   Code   RO          380    .text               c_p.l(noretval__2printf.o)
    0x00001d54   0x00000038   Code   RO          382    .text               c_p.l(noretval__2snprintf.o)
    0x00001d8c   0x0000006c   Code   RO          386    .text               c_p.l(_printf_dec.o)
    0x00001df8   0x00000110   Code   RO          396    .text               c_p.l(__printf_wp.o)
    0x00001f08   0x000000a0   Code   RO          411    .text               c_p.l(strncmp.o)
    0x00001fa8   0x0000015a   Code   RO          413    .text               c_p.l(aeabi_sdiv.o)
    0x00002102   0x00000002   PAD
    0x00002104   0x0000007c   Code   RO          421    .text               fz_ps.l(d2f.o)
    0x00002180   0x00000438   Code   RO          423    .text               fz_ps.l(ddiv.o)
    0x000025b8   0x00000056   Code   RO          426    .text               fz_ps.l(dflti.o)
    0x0000260e   0x00000002   PAD
    0x00002610   0x00000290   Code   RO          428    .text               fz_ps.l(dmul.o)
    0x000028a0   0x00000050   Code   RO          430    .text               fz_ps.l(f2d.o)
    0x000028f0   0x00000160   Code   RO          438    .text               fz_ps.l(fdiv.o)
    0x00002a50   0x0000004c   Code   RO          441    .text               fz_ps.l(ffixi.o)
    0x00002a9c   0x0000005e   Code   RO          443    .text               fz_ps.l(fflti.o)
    0x00002afa   0x000000b0   Code   RO          464    .text               c_p.l(_printf_intcommon.o)
    0x00002baa   0x00000002   PAD
    0x00002bac   0x00000414   Code   RO          466    .text               c_p.l(_printf_fp_dec.o)
    0x00002fc0   0x00000030   Code   RO          468    .text               c_p.l(_printf_char_common.o)
    0x00002ff0   0x0000000a   Code   RO          470    .text               c_p.l(_sputc.o)
    0x00002ffa   0x00000010   Code   RO          472    .text               c_p.l(_snputc.o)
    0x0000300a   0x00000002   PAD
    0x0000300c   0x00000028   Code   RO          474    .text               c_p.l(_printf_char_file.o)
    0x00003034   0x00000028   Code   RO          477    .text               c_p.l(rtudiv10.o)
    0x0000305c   0x00000344   Code   RO          479    .text               fz_ps.l(daddsub.o)
    0x000033a0   0x00000008   Code   RO          513    .text               c_p.l(rt_locale_intlibspace.o)
    0x000033a8   0x0000007a   Code   RO          520    .text               c_p.l(lludiv10.o)
    0x00003422   0x00000002   PAD
    0x00003424   0x00000088   Code   RO          522    .text               c_p.l(_printf_fp_infnan.o)
    0x000034ac   0x000000cc   Code   RO          526    .text               c_p.l(bigflt0.o)
    0x00003578   0x000004a8   Code   RO          529    .text               c_p.l(btod.o)
    0x00003a20   0x00000064   Code   RO          536    .text               fz_ps.l(dscalbn.o)
    0x00003a84   0x00000008   Code   RO          546    .text               c_p.l(libspace.o)
    0x00003a8c   0x0000003e   Code   RO          549    .text               c_p.l(sys_stackheap_outer.o)
    0x00003aca   0x0000000c   Code   RO          552    .text               c_p.l(exit.o)
    0x00003ad6   0x00000002   PAD
    0x00003ad8   0x00000088   Code   RO          558    .text               c_p.l(strcmp.o)
    0x00003b60   0x00000030   Code   RO          531    i.__ARM_common_ll_muluu  c_p.l(btod.o)
    0x00003b90   0x0000001c   Code   RO           33    i.__ARM_common_switch8  system_lpc11xx.o
    0x00003bac   0x0000002c   Code   RO          542    i.__ARM_fpclassify  m_ps.l(fpclassify.o)
    0x00003bd8   0x000000ac   Code   RO          544    i.__kernel_poly     m_ps.l(poly.o)
    0x00003c84   0x00000014   Code   RO          540    i.__mathlib_dbl_underflow  m_ps.l(dunder.o)
    0x00003c98   0x0000000e   Code   RO          398    i._is_digit         c_p.l(__printf_wp.o)
    0x00003ca6   0x00000002   PAD
    0x00003ca8   0x00000220   Code   RO          483    i.atan              m_ps.l(atan.o)
    0x00003ec8   0x00000178   Code   RO          450    i.atan2             m_ps.l(atan2.o)
    0x00004040   0x0000002c   Code   RO          534    locale$$code        c_p.l(lc_numeric_c.o)
    0x0000406c   0x0000008c   Code   RO          432    x$fpl$fadd          fz_ps.l(faddsub.o)
    0x000040f8   0x000000b0   Code   RO          445    x$fpl$fmul          fz_ps.l(fmul.o)
    0x000041a8   0x00000018   Code   RO          433    x$fpl$frsb          fz_ps.l(faddsub.o)
    0x000041c0   0x000000d0   Code   RO          434    x$fpl$fsub          fz_ps.l(faddsub.o)
    0x00004290   0x00000010   Code   RO          447    x$fpl$printf1       fz_ps.l(printf1.o)
    0x000042a0   0x00000000   Code   RO          481    x$fpl$usenofp       fz_ps.l(usenofp.o)
    0x000042a0   0x00000080   Data   RO          424    .constdata          fz_ps.l(ddiv.o)
    0x00004320   0x00000040   Data   RO          439    .constdata          fz_ps.l(fdiv.o)
    0x00004360   0x00000098   Data   RO          484    .constdata          m_ps.l(atan.o)
    0x000043f8   0x00000008   Data   RO          492    .constdata          m_ps.l(qnan.o)
    0x00004400   0x00000094   Data   RO          527    .constdata          c_p.l(bigflt0.o)
    0x00004494   0x00000020   Data   RO          680    Region$$Table       anon$$obj.o
    0x000044b4   0x0000001c   Data   RO          533    locale$$data        c_p.l(lc_numeric_c.o)


    Execution Region ER_RW (Base: 0x10000000, Size: 0x00000094, Max: 0xffffffff, ABSOLUTE)

    Base Addr    Size         Type   Attr      Idx    E Section Name        Object

    0x10000000   0x00000004   Data   RW           16    .data               system_lpc11xx.o
    0x10000004   0x00000004   Data   RW           60    .data               cpu_lpc1000.o
    0x10000008   0x00000008   Data   RW           94    .data               retarget.o
    0x10000010   0x00000024   Data   RW          198    .data               i2c.o
    0x10000034   0x00000018   Data   RW          224    .data               ssp.o
    0x1000004c   0x00000008   Data   RW          247    .data               timer32.o
    0x10000054   0x0000000c   Data   RW          271    .data               uart.o
    0x10000060   0x00000028   Data   RW          319    .data               kalman.o
    0x10000088   0x0000000a   Data   RW          334    .data               mpu6050.o


    Execution Region ER_ZI (Base: 0x10000094, Size: 0x00000344, Max: 0xffffffff, ABSOLUTE)

    Base Addr    Size         Type   Attr      Idx    E Section Name        Object

    0x10000094   0x00000010   Zero   RW          118    .bss                main.o
    0x100000a4   0x00000080   Zero   RW          197    .bss                i2c.o
    0x10000124   0x00000040   Zero   RW          270    .bss                uart.o
    0x10000164   0x00000010   Zero   RW          318    .bss                kalman.o
    0x10000174   0x00000060   Zero   RW          547    .bss                c_p.l(libspace.o)
    0x100001d4   0x00000004   PAD
    0x100001d8   0x00000000   Zero   RW            2    HEAP                startup_lpc11xx.o
    0x100001d8   0x00000200   Zero   RW            1    STACK               startup_lpc11xx.o


==============================================================================

Image component sizes


      Code (inc. data)   RO Data    RW Data    ZI Data      Debug   Object Name

       256         32          0          4          0       6856   cpu_lpc1000.o
       736         62          0         36        128       7696   i2c.o
       524         52          0         40         16       1299   kalman.o
       932        194          0          0         16       2666   main.o
       752         46          0         10          0       3568   mpu6050.o
       756          8          0          0          0       5175   nrf24l01.o
        48          0          0          8          0       2558   retarget.o
       824         60          0         24          0       2653   ssp.o
        56         26        192          0        512        672   startup_lpc11xx.o
       572         96          0          4          0      13309   system_lpc11xx.o
       852         28          0          8          0       3013   timer32.o
       792         44          0         12         64       8139   uart.o

    ----------------------------------------------------------------------
      7100        648        224        148        736      57604   Object Totals
         0          0         32          0          0          0   (incl. Generated)
         0          0          0          2          0          0   (incl. Padding)

    ----------------------------------------------------------------------

      Code (inc. data)   RO Data    RW Data    ZI Data      Debug   Library Member Name

         8          0          0          0          0         68   __main.o
       286          0          0          0          0        136   __printf_wp.o
        60          8          0          0          0          0   __scatter.o
        26          0          0          0          0          0   __scatter_copy.o
        28          0          0          0          0          0   __scatter_zi.o
        48          6          0          0          0         88   _printf_char_common.o
        40          6          0          0          0         72   _printf_char_file.o
        10          0          0          0          0          0   _printf_d.o
       108         18          0          0          0         76   _printf_dec.o
        10          0          0          0          0          0   _printf_f.o
      1044         12          0          0          0        176   _printf_fp_dec.o
       136         16          0          0          0         76   _printf_fp_infnan.o
       176          0          0          0          0         84   _printf_intcommon.o
         2          0          0          0          0          0   _printf_percent.o
         4          0          0          0          0          0   _printf_percent_end.o
        16          0          0          0          0         60   _snputc.o
        10          0          0          0          0         60   _sputc.o
       346          0          0          0          0         92   aeabi_sdiv.o
       204          4        148          0          0         80   bigflt0.o
      1240         12          0          0          0        316   btod.o
        12          0          0          0          0         64   exit.o
         6          0          0          0          0        136   heapauxi.o
        44         10         28          0          0         76   lc_numeric_c.o
         6          0          0          0          0          0   libinit.o
        18          0          0          0          0          0   libinit2.o
         2          0          0          0          0          0   libshutdown.o
         2          0          0          0          0          0   libshutdown2.o
         8          4          0          0         96         68   libspace.o
       122          0          0          0          0         72   lludiv10.o
        28          6          0          0          0         84   noretval__2printf.o
        56          6          0          0          0         84   noretval__2snprintf.o
         8          4          0          0          0         68   rt_locale_intlibspace.o
         0          0          0          0          0          0   rtentry.o
        12          0          0          0          0          0   rtentry2.o
         6          0          0          0          0          0   rtentry4.o
         2          0          0          0          0          0   rtexit.o
        10          0          0          0          0          0   rtexit2.o
        40          0          0          0          0         60   rtudiv10.o
       136          4          0          0          0         72   strcmp.o
       160          6          0          0          0         76   strncmp.o
        62          0          0          0          0         80   sys_stackheap_outer.o
         2          0          0          0          0         68   use_no_semi.o
       124          4          0          0          0         72   d2f.o
       836         20          0          0          0        216   daddsub.o
      1080         30        128          0          0        108   ddiv.o
        86          0          0          0          0         92   dflti.o
       656         22          0          0          0         84   dmul.o
       100         14          0          0          0         72   dscalbn.o
        80          6          0          0          0         60   f2d.o
       372          8          0          0          0        240   faddsub.o
       352          8         64          0          0         88   fdiv.o
        76          0          0          0          0         68   ffixi.o
        94          0          0          0          0         92   fflti.o
       176          4          0          0          0         80   fmul.o
        16          4          0          0          0         76   printf1.o
         0          0          0          0          0          0   usenofp.o
       544         70        152          0          0        112   atan.o
       376         40          0          0          0        144   atan2.o
        20          6          0          0          0         68   dunder.o
        44          6          0          0          0         60   fpclassify.o
       172          0          0          0          0         76   poly.o
         0          0          8          0          0          0   qnan.o

    ----------------------------------------------------------------------
      9764        364        528          0        100       4200   Library Totals
        16          0          0          0          4          0   (incl. Padding)

    ----------------------------------------------------------------------

      Code (inc. data)   RO Data    RW Data    ZI Data      Debug   Library Name

      4544        122        176          0         96       2392   c_p.l
      4048        120        192          0          0       1348   fz_ps.l
      1156        122        160          0          0        460   m_ps.l

    ----------------------------------------------------------------------
      9764        364        528          0        100       4200   Library Totals

    ----------------------------------------------------------------------

==============================================================================


      Code (inc. data)   RO Data    RW Data    ZI Data      Debug   

     16864       1012        752        148        836      58672   Grand Totals
     16864       1012        752        148        836      58672   ELF Image Totals
     16864       1012        752        148          0          0   ROM Totals

==============================================================================

    Total RO  Size (Code + RO Data)                17616 (  17.20kB)
    Total RW  Size (RW Data + ZI Data)               984 (   0.96kB)
    Total ROM Size (Code + RO Data + RW Data)      17764 (  17.35kB)

==============================================================================

